******************************************************************************
                  TI ARM Linker PC v18.12.3                    
******************************************************************************
>> Linked Mon Nov 25 10:36:44 2019

OUTPUT FILE NAME:   <rfListenBeforeTalk_CC1310_LAUNCHXL_ALLAN.out>
ENTRY POINT SYMBOL: "ResetISR"  address: 0000413d


MEMORY CONFIGURATION

         name            origin    length      used     unused   attr    fill
----------------------  --------  ---------  --------  --------  ----  --------
  FLASH                 00000000   00020000  000065fa  00019a06  R  X
  SRAM                  20000000   00005000  000033c6  00001c3a  RW X


SEGMENT ALLOCATION MAP

run origin  load origin   length   init length attrs members
----------  ----------- ---------- ----------- ----- -------
00000000    00000000    000065a8   000065a8    r-x
  00000000    00000000    0000003c   0000003c    r-- .resetVecs
  0000003c    0000003c    00000fc4   00000fc4    r-x .text.1
  00001000    00001000    0000003c   0000003c    r-- .const:ti_sysbios_knl_Task_Object__PARAMS__C
  0000103c    0000103c    00000034   00000034    r-- .const:ti_sysbios_knl_Mailbox_Object__PARAMS__C
  00001070    00001070    00000030   00000030    r-- .const:ti_sysbios_family_arm_m3_Hwi_Object__PARAMS__C
  000010a0    000010a0    0000002c   0000002c    r-- .const:ti_sysbios_hal_Hwi_Object__PARAMS__C
  000010cc    000010cc    00000028   00000028    r-- .const:ti_sysbios_heaps_HeapMem_Module__FXNS__C
  000010f4    000010f4    00000028   00000028    r-- .const:ti_sysbios_knl_Swi_Object__PARAMS__C
  0000111c    0000111c    00000024   00000024    r-- .const:ti_sysbios_gates_GateHwi_Module__FXNS__C
  00001140    00001140    00000024   00000024    r-- .const:ti_sysbios_gates_GateMutex_Module__FXNS__C
  00001164    00001164    00000024   00000024    r-- .const:ti_sysbios_heaps_HeapMem_Object__PARAMS__C
  00001188    00001188    00000024   00000024    r-- .const:ti_sysbios_knl_Clock_Object__PARAMS__C
  000011ac    000011ac    00000024   00000024    r-- .const:ti_sysbios_knl_Semaphore_Object__PARAMS__C
  000011d0    000011d0    00000020   00000020    r-- .const:ti_sysbios_family_arm_m3_Hwi_Object__DESC__C
  000011f0    000011f0    00000020   00000020    r-- .const:ti_sysbios_gates_GateHwi_Object__DESC__C
  00001210    00001210    00000020   00000020    r-- .const:ti_sysbios_gates_GateMutex_Object__DESC__C
  00001230    00001230    00000020   00000020    r-- .const:ti_sysbios_hal_Hwi_Object__DESC__C
  00001250    00001250    00000020   00000020    r-- .const:ti_sysbios_heaps_HeapMem_Object__DESC__C
  00001270    00001270    00000020   00000020    r-- .const:ti_sysbios_knl_Clock_Object__DESC__C
  00001290    00001290    00000020   00000020    r-- .const:ti_sysbios_knl_Mailbox_Object__DESC__C
  000012b0    000012b0    00000020   00000020    r-- .const:ti_sysbios_knl_Queue_Object__DESC__C
  000012d0    000012d0    00000020   00000020    r-- .const:ti_sysbios_knl_Semaphore_Object__DESC__C
  000012f0    000012f0    00000020   00000020    r-- .const:ti_sysbios_knl_Swi_Object__DESC__C
  00001310    00001310    00000020   00000020    r-- .const:ti_sysbios_knl_Task_Object__DESC__C
  00001330    00001330    00000018   00000018    r-- .const:ti_sysbios_gates_GateHwi_Object__PARAMS__C
  00001348    00001348    00000018   00000018    r-- .const:ti_sysbios_gates_GateMutex_Object__PARAMS__C
  00001360    00001360    00000018   00000018    r-- .const:ti_sysbios_knl_Queue_Object__PARAMS__C
  00001378    00001378    00000008   00000008    r-- .const:ti_sysbios_knl_Idle_funcList__C
  00001380    00001380    00000004   00000004    r-x .text.2
  00001384    00001384    00000004   00000004    r-- .const:ti_sysbios_family_arm_cc26xx_Timer_startupNeeded__C
  00001388    00001388    00000004   00000004    r-- .const:ti_sysbios_family_arm_m3_Hwi_E_alreadyDefined__C
  0000138c    0000138c    00000004   00000004    r-- .const:ti_sysbios_family_arm_m3_Hwi_E_hwiLimitExceeded__C
  00001390    00001390    00000004   00000004    r-- .const:ti_sysbios_family_arm_m3_Hwi_NUM_INTERRUPTS__C
  00001394    00001394    00000004   00000004    r-- .const:ti_sysbios_family_arm_m3_Hwi_Object__count__C
  00001398    00001398    00000004   00000004    r-- .const:ti_sysbios_family_arm_m3_Hwi_Object__table__C
  0000139c    0000139c    00000004   00000004    r-- .const:ti_sysbios_family_arm_m3_Hwi_ccr__C
  000013a0    000013a0    00000004   00000004    r-- .const:ti_sysbios_family_arm_m3_Hwi_excHandlerFunc__C
  000013a4    000013a4    00000004   00000004    r-- .const:ti_sysbios_family_arm_m3_Hwi_nullIsrFunc__C
  000013a8    000013a8    00000004   00000004    r-- .const:ti_sysbios_family_arm_m3_Hwi_numSparseInterrupts__C
  000013ac    000013ac    00000004   00000004    r-- .const:ti_sysbios_family_arm_m3_Hwi_priGroup__C
  000013b0    000013b0    00000004   00000004    r-- .const:ti_sysbios_family_arm_m3_TaskSupport_stackAlignment__C
  000013b4    000013b4    00000004   00000004    r-- .const:ti_sysbios_heaps_HeapMem_E_memory__C
  000013b8    000013b8    00000004   00000004    r-- .const:ti_sysbios_heaps_HeapMem_Module__gateObj__C
  000013bc    000013bc    00000004   00000004    r-- .const:ti_sysbios_heaps_HeapMem_Object__count__C
  000013c0    000013c0    00000004   00000004    r-- .const:ti_sysbios_heaps_HeapMem_Object__table__C
  000013c4    000013c4    00000004   00000004    r-- .const:ti_sysbios_heaps_HeapMem_reqAlign__C
  000013c8    000013c8    00000004   00000004    r-- .const:ti_sysbios_knl_Clock_serviceMargin__C
  000013cc    000013cc    00000004   00000004    r-- .const:ti_sysbios_knl_Mailbox_Object__count__C
  000013d0    000013d0    00000004   00000004    r-- .const:ti_sysbios_knl_Mailbox_Object__table__C
  000013d4    000013d4    00000004   00000004    r-- .const:ti_sysbios_knl_Mailbox_maxTypeAlign__C
  000013d8    000013d8    00000004   00000004    r-- .const:ti_sysbios_knl_Queue_Object__count__C
  000013dc    000013dc    00000004   00000004    r-- .const:ti_sysbios_knl_Queue_Object__table__C
  000013e0    000013e0    00000004   00000004    r-- .const:ti_sysbios_knl_Swi_Object__count__C
  000013e4    000013e4    00000004   00000004    r-- .const:ti_sysbios_knl_Swi_Object__table__C
  000013e8    000013e8    00000004   00000004    r-- .const:ti_sysbios_knl_Swi_numPriorities__C
  000013ec    000013ec    00000004   00000004    r-- .const:ti_sysbios_knl_Task_Object__count__C
  000013f0    000013f0    00000004   00000004    r-- .const:ti_sysbios_knl_Task_Object__table__C
  000013f4    000013f4    00000004   00000004    r-- .const:ti_sysbios_knl_Task_allBlockedFunc__C
  000013f8    000013f8    00000004   00000004    r-- .const:ti_sysbios_knl_Task_defaultStackHeap__C
  000013fc    000013fc    00000004   00000004    r-- .const:ti_sysbios_knl_Task_defaultStackSize__C
  00001400    00001400    00000004   00000004    r-- .const:ti_sysbios_knl_Task_numConstructedTasks__C
  00001404    00001404    00000002   00000002    r-x .text.3
  00001406    00001406    00000002   00000002    r-- .const:ti_sysbios_family_arm_cc26xx_Timer_Module__id__C
  00001408    00001408    00000002   00000002    r-- .const:ti_sysbios_family_arm_cc26xx_TimestampProvider_useClockTimer__C
  0000140a    0000140a    00000002   00000002    r-- .const:ti_sysbios_family_arm_m3_Hwi_Module__id__C
  0000140c    0000140c    00000002   00000002    r-- .const:ti_sysbios_gates_GateHwi_Module__id__C
  0000140e    0000140e    00000002   00000002    r-- .const:ti_sysbios_gates_GateMutex_Module__id__C
  00001410    00001410    00000002   00000002    r-- .const:ti_sysbios_heaps_HeapMem_Module__id__C
  00001412    00001412    00000002   00000002    r-- .const:ti_sysbios_knl_Task_initStackFlag__C
  00001414    00001414    00000001   00000001    r-- .const:ti_sysbios_knl_Clock_tickMode__C
  00001418    00001418    00000008   00000008    r-- .const:xdc_runtime_Startup_firstFxns__C
  00001420    00001420    00000008   00000008    r-- .const:xdc_runtime_Startup_lastFxns__C
  00001428    00001428    00000004   00000004    r-- .const:xdc_runtime_Assert_E_assertFailed__C
  0000142c    0000142c    00000004   00000004    r-- .const:xdc_runtime_Error_E_memory__C
  00001430    00001430    00000004   00000004    r-- .const:xdc_runtime_Error_policyFxn__C
  00001434    00001434    00000004   00000004    r-- .const:xdc_runtime_IGateProvider_Interface__BASE__C
  00001438    00001438    00000004   00000004    r-- .const:xdc_runtime_IHeap_Interface__BASE__C
  0000143c    0000143c    00000004   00000004    r-- .const:xdc_runtime_IModule_Interface__BASE__C
  00001440    00001440    00000004   00000004    r-- .const:xdc_runtime_Main_Module__diagsEnabled__C
  00001444    00001444    00000004   00000004    r-- .const:xdc_runtime_Main_Module__diagsIncluded__C
  00001448    00001448    00000004   00000004    r-- .const:xdc_runtime_Main_Module__diagsMask__C
  0000144c    0000144c    00000004   00000004    r-- .const:xdc_runtime_Memory_defaultHeapInstance__C
  00001450    00001450    00000004   00000004    r-- .const:xdc_runtime_Startup_execImpl__C
  00001454    00001454    00000004   00000004    r-- .const:xdc_runtime_Startup_maxPasses__C
  00001458    00001458    00000004   00000004    r-- .const:xdc_runtime_Startup_sfxnRts__C
  0000145c    0000145c    00000004   00000004    r-- .const:xdc_runtime_Startup_sfxnTab__C
  00001460    00001460    00000004   00000004    r-- .const:xdc_runtime_Startup_startModsFxn__C
  00001464    00001464    00000004   00000004    r-- .const:xdc_runtime_SysCallback_abortFxn__C
  00001468    00001468    00000004   00000004    r-- .const:xdc_runtime_SysCallback_exitFxn__C
  0000146c    0000146c    00000004   00000004    r-- .const:xdc_runtime_System_abortFxn__C
  00001470    00001470    00000004   00000004    r-- .const:xdc_runtime_System_exitFxn__C
  00001474    00001474    00000004   00000004    r-- .const:xdc_runtime_System_maxAtexitHandlers__C
  00001478    00001478    00000004   00000004    r-- .const:xdc_runtime_Text_charTab__C
  0000147c    0000147c    00000004   00000004    r-- .const:xdc_runtime_Text_nameEmpty__C
  00001480    00001480    00000004   00000004    r-- .const:xdc_runtime_Text_nameStatic__C
  00001484    00001484    00000004   00000004    r-- .const:xdc_runtime_Text_nameUnknown__C
  00001488    00001488    00000002   00000002    r-- .const:xdc_runtime_Main_Module__id__C
  0000148a    0000148a    00000002   00000002    r-- .const:xdc_runtime_Memory_Module__id__C
  0000148c    0000148c    00000002   00000002    r-- .const:xdc_runtime_Text_charCnt__C
  0000148e    0000148e    00000002   00000002    r-- .const:xdc_runtime_Text_isLoaded__C
  00001490    00001490    00000001   00000001    r-- .const:xdc_runtime_Error_policy__C
  00001494    00001494    00000004   00000004    r-- .const:ti_sysbios_rom_ROM_AONRTCChannelEnable
  00001498    00001498    00000004   00000004    r-- .const:ti_sysbios_rom_ROM_AONRTCCompareValueSet
  0000149c    0000149c    00000004   00000004    r-- .const:ti_sysbios_rom_ROM_AONRTCCurrentCompareValueGet
  000014a0    000014a0    00000004   00000004    r-- .const:ti_sysbios_rom_ROM_AONRTCEventClear
  000014a4    000014a4    00000004   00000004    r-- .const:ti_sysbios_rom_ROM_ti_sysbios_family_arm_cc26xx_Timer_getCount64__E
  000014a8    000014a8    00000004   00000004    r-- .const:ti_sysbios_rom_ROM_ti_sysbios_family_arm_cc26xx_Timer_getCurrentTick__E
  000014ac    000014ac    00000004   00000004    r-- .const:ti_sysbios_rom_ROM_ti_sysbios_family_arm_cc26xx_Timer_getMaxTicks__E
  000014b0    000014b0    00000004   00000004    r-- .const:ti_sysbios_rom_ROM_ti_sysbios_family_arm_cc26xx_Timer_initDevice__I
  000014b4    000014b4    00000004   00000004    r-- .const:ti_sysbios_rom_ROM_ti_sysbios_family_arm_cc26xx_Timer_setNextTick__E
  000014b8    000014b8    00000004   00000004    r-- .const:ti_sysbios_rom_ROM_ti_sysbios_family_arm_cc26xx_Timer_setThreshold__I
  000014bc    000014bc    00000004   00000004    r-- .const:ti_sysbios_rom_ROM_ti_sysbios_family_arm_cc26xx_Timer_start__E
  000014c0    000014c0    00000004   00000004    r-- .const:ti_sysbios_rom_ROM_ti_sysbios_family_arm_cc26xx_TimestampProvider_get32__E
  000014c4    000014c4    00000004   00000004    r-- .const:ti_sysbios_rom_ROM_xdc_runtime_Startup_getState__I
  000014c8    000014c8    00000004   00000004    r-- .const:ti_sysbios_rom_ROM_xdc_runtime_System_SupportProxy_abort__E
  000014cc    000014cc    00000004   00000004    r-- .const:ti_sysbios_rom_ROM_xdc_runtime_System_SupportProxy_exit__E
  000014d0    000014d0    00000004   00000004    r-- .const:ti_sysbios_gates_GateMutex_Instance_State_sem__O
  000014d4    000014d4    00000004   00000004    r-- .const:ti_sysbios_knl_Clock_Module_State_clockQ__O
  000014d8    000014d8    00000004   00000004    r-- .const:ti_sysbios_knl_Mailbox_Instance_State_dataQue__O
  000014dc    000014dc    00000004   00000004    r-- .const:ti_sysbios_knl_Mailbox_Instance_State_dataSem__O
  000014e0    000014e0    00000004   00000004    r-- .const:ti_sysbios_knl_Mailbox_Instance_State_freeQue__O
  000014e4    000014e4    00000004   00000004    r-- .const:ti_sysbios_knl_Mailbox_Instance_State_freeSem__O
  000014e8    000014e8    00000004   00000004    r-- .const:ti_sysbios_knl_Semaphore_Instance_State_pendQ__O
  000014ec    000014ec    00000004   00000004    r-- .const:ti_sysbios_knl_Task_Module_State_inactiveQ__O
  000014f0    000014f0    00004168   00004168    r-x .text.4
  00005658    00005658    00000c58   00000c58    r-- .const
  000062b0    000062b0    000002f8   000002f8    r-- .cinit
0001ffa8    0001ffa8    00000058   00000058    r--
  0001ffa8    0001ffa8    00000058   00000058    r-- .ccfg
20000100    20000100    00001900   00000000    rw-
  20000100    20000100    00000044   00000000    rw- .data:ti_sysbios_knl_Task_Module__state__V
  20000144    20000144    00000034   00000000    rw- .data:ti_sysbios_family_arm_m3_Hwi_Module__state__V
  20000178    20000178    0000002c   00000000    rw- .data:ti_sysbios_knl_Clock_Module__state__V
  200001a4    200001a4    00000024   00000000    rw- .data:ti_sysbios_BIOS_Module__state__V
  200001c8    200001c8    0000001c   00000000    rw- .data:ti_sysbios_knl_Swi_Module__state__V
  200001e4    200001e4    00000008   00000000    rw- .data:ti_sysbios_family_arm_cc26xx_Timer_Module__state__V
  200001ec    200001ec    00000004   00000000    rw- .data:ti_sysbios_family_arm_cc26xx_TimestampProvider_Module__state__V
  200001f0    200001f0    00000008   00000000    rw- .data:xdc_runtime_Startup_Module__state__V
  200001f8    200001f8    00000008   00000000    rw- .data:xdc_runtime_System_Module__state__V
  20000200    20000200    00000004   00000000    rw- .data:xdc_runtime_Memory_Module__state__V
  20000208    20000208    000017f8   00000000    rw- .bss
20001a00    20001a00    00001000   00000000    r--
  20001a00    20001a00    00001000   00000000    r-- .priheap
20002a00    20002a00    00000602   00000000    rw-
  20002a00    20002a00    00000602   00000000    rw- .data
20004c00    20004c00    00000400   00000000    rw-
  20004c00    20004c00    00000400   00000000    rw- .stack


SECTION ALLOCATION MAP

 output                                  attributes/
section   page    origin      length       input sections
--------  ----  ----------  ----------   ----------------
.const:ti_sysbios_knl_Task_Object__PARAMS__C 
*          0    00001000    0000003c     
                  00001000    0000003c     release_pem3.oem3 (.const:ti_sysbios_knl_Task_Object__PARAMS__C)

.const:ti_sysbios_knl_Mailbox_Object__PARAMS__C 
*          0    0000103c    00000034     
                  0000103c    00000034     release_pem3.oem3 (.const:ti_sysbios_knl_Mailbox_Object__PARAMS__C)

.const:ti_sysbios_family_arm_m3_Hwi_Object__PARAMS__C 
*          0    00001070    00000030     
                  00001070    00000030     release_pem3.oem3 (.const:ti_sysbios_family_arm_m3_Hwi_Object__PARAMS__C)

.const:ti_sysbios_hal_Hwi_Object__PARAMS__C 
*          0    000010a0    0000002c     
                  000010a0    0000002c     release_pem3.oem3 (.const:ti_sysbios_hal_Hwi_Object__PARAMS__C)

.const:ti_sysbios_heaps_HeapMem_Module__FXNS__C 
*          0    000010cc    00000028     
                  000010cc    00000028     release_pem3.oem3 (.const:ti_sysbios_heaps_HeapMem_Module__FXNS__C)

.const:ti_sysbios_knl_Swi_Object__PARAMS__C 
*          0    000010f4    00000028     
                  000010f4    00000028     release_pem3.oem3 (.const:ti_sysbios_knl_Swi_Object__PARAMS__C)

.const:ti_sysbios_gates_GateHwi_Module__FXNS__C 
*          0    0000111c    00000024     
                  0000111c    00000024     release_pem3.oem3 (.const:ti_sysbios_gates_GateHwi_Module__FXNS__C)

.const:ti_sysbios_gates_GateMutex_Module__FXNS__C 
*          0    00001140    00000024     
                  00001140    00000024     release_pem3.oem3 (.const:ti_sysbios_gates_GateMutex_Module__FXNS__C)

.const:ti_sysbios_heaps_HeapMem_Object__PARAMS__C 
*          0    00001164    00000024     
                  00001164    00000024     release_pem3.oem3 (.const:ti_sysbios_heaps_HeapMem_Object__PARAMS__C)

.const:ti_sysbios_knl_Clock_Object__PARAMS__C 
*          0    00001188    00000024     
                  00001188    00000024     release_pem3.oem3 (.const:ti_sysbios_knl_Clock_Object__PARAMS__C)

.const:ti_sysbios_knl_Semaphore_Object__PARAMS__C 
*          0    000011ac    00000024     
                  000011ac    00000024     release_pem3.oem3 (.const:ti_sysbios_knl_Semaphore_Object__PARAMS__C)

.const:ti_sysbios_family_arm_m3_Hwi_Object__DESC__C 
*          0    000011d0    00000020     
                  000011d0    00000020     release_pem3.oem3 (.const:ti_sysbios_family_arm_m3_Hwi_Object__DESC__C)

.const:ti_sysbios_gates_GateHwi_Object__DESC__C 
*          0    000011f0    00000020     
                  000011f0    00000020     release_pem3.oem3 (.const:ti_sysbios_gates_GateHwi_Object__DESC__C)

.const:ti_sysbios_gates_GateMutex_Object__DESC__C 
*          0    00001210    00000020     
                  00001210    00000020     release_pem3.oem3 (.const:ti_sysbios_gates_GateMutex_Object__DESC__C)

.const:ti_sysbios_hal_Hwi_Object__DESC__C 
*          0    00001230    00000020     
                  00001230    00000020     release_pem3.oem3 (.const:ti_sysbios_hal_Hwi_Object__DESC__C)

.const:ti_sysbios_heaps_HeapMem_Object__DESC__C 
*          0    00001250    00000020     
                  00001250    00000020     release_pem3.oem3 (.const:ti_sysbios_heaps_HeapMem_Object__DESC__C)

.const:ti_sysbios_knl_Clock_Object__DESC__C 
*          0    00001270    00000020     
                  00001270    00000020     release_pem3.oem3 (.const:ti_sysbios_knl_Clock_Object__DESC__C)

.const:ti_sysbios_knl_Mailbox_Object__DESC__C 
*          0    00001290    00000020     
                  00001290    00000020     release_pem3.oem3 (.const:ti_sysbios_knl_Mailbox_Object__DESC__C)

.const:ti_sysbios_knl_Queue_Object__DESC__C 
*          0    000012b0    00000020     
                  000012b0    00000020     release_pem3.oem3 (.const:ti_sysbios_knl_Queue_Object__DESC__C)

.const:ti_sysbios_knl_Semaphore_Object__DESC__C 
*          0    000012d0    00000020     
                  000012d0    00000020     release_pem3.oem3 (.const:ti_sysbios_knl_Semaphore_Object__DESC__C)

.const:ti_sysbios_knl_Swi_Object__DESC__C 
*          0    000012f0    00000020     
                  000012f0    00000020     release_pem3.oem3 (.const:ti_sysbios_knl_Swi_Object__DESC__C)

.const:ti_sysbios_knl_Task_Object__DESC__C 
*          0    00001310    00000020     
                  00001310    00000020     release_pem3.oem3 (.const:ti_sysbios_knl_Task_Object__DESC__C)

.const:ti_sysbios_gates_GateHwi_Object__PARAMS__C 
*          0    00001330    00000018     
                  00001330    00000018     release_pem3.oem3 (.const:ti_sysbios_gates_GateHwi_Object__PARAMS__C)

.const:ti_sysbios_gates_GateMutex_Object__PARAMS__C 
*          0    00001348    00000018     
                  00001348    00000018     release_pem3.oem3 (.const:ti_sysbios_gates_GateMutex_Object__PARAMS__C)

.const:ti_sysbios_knl_Queue_Object__PARAMS__C 
*          0    00001360    00000018     
                  00001360    00000018     release_pem3.oem3 (.const:ti_sysbios_knl_Queue_Object__PARAMS__C)

.const:ti_sysbios_knl_Idle_funcList__C 
*          0    00001378    00000008     
                  00001378    00000008     release_pem3.oem3 (.const:ti_sysbios_knl_Idle_funcList__C)

.const:ti_sysbios_family_arm_cc26xx_Timer_startupNeeded__C 
*          0    00001384    00000004     
                  00001384    00000004     release_pem3.oem3 (.const:ti_sysbios_family_arm_cc26xx_Timer_startupNeeded__C)

.const:ti_sysbios_family_arm_m3_Hwi_E_alreadyDefined__C 
*          0    00001388    00000004     
                  00001388    00000004     release_pem3.oem3 (.const:ti_sysbios_family_arm_m3_Hwi_E_alreadyDefined__C)

.const:ti_sysbios_family_arm_m3_Hwi_E_hwiLimitExceeded__C 
*          0    0000138c    00000004     
                  0000138c    00000004     release_pem3.oem3 (.const:ti_sysbios_family_arm_m3_Hwi_E_hwiLimitExceeded__C)

.const:ti_sysbios_family_arm_m3_Hwi_NUM_INTERRUPTS__C 
*          0    00001390    00000004     
                  00001390    00000004     release_pem3.oem3 (.const:ti_sysbios_family_arm_m3_Hwi_NUM_INTERRUPTS__C)

.const:ti_sysbios_family_arm_m3_Hwi_Object__count__C 
*          0    00001394    00000004     
                  00001394    00000004     release_pem3.oem3 (.const:ti_sysbios_family_arm_m3_Hwi_Object__count__C)

.const:ti_sysbios_family_arm_m3_Hwi_Object__table__C 
*          0    00001398    00000004     
                  00001398    00000004     release_pem3.oem3 (.const:ti_sysbios_family_arm_m3_Hwi_Object__table__C)

.const:ti_sysbios_family_arm_m3_Hwi_ccr__C 
*          0    0000139c    00000004     
                  0000139c    00000004     release_pem3.oem3 (.const:ti_sysbios_family_arm_m3_Hwi_ccr__C)

.const:ti_sysbios_family_arm_m3_Hwi_excHandlerFunc__C 
*          0    000013a0    00000004     
                  000013a0    00000004     release_pem3.oem3 (.const:ti_sysbios_family_arm_m3_Hwi_excHandlerFunc__C)

.const:ti_sysbios_family_arm_m3_Hwi_nullIsrFunc__C 
*          0    000013a4    00000004     
                  000013a4    00000004     release_pem3.oem3 (.const:ti_sysbios_family_arm_m3_Hwi_nullIsrFunc__C)

.const:ti_sysbios_family_arm_m3_Hwi_numSparseInterrupts__C 
*          0    000013a8    00000004     
                  000013a8    00000004     release_pem3.oem3 (.const:ti_sysbios_family_arm_m3_Hwi_numSparseInterrupts__C)

.const:ti_sysbios_family_arm_m3_Hwi_priGroup__C 
*          0    000013ac    00000004     
                  000013ac    00000004     release_pem3.oem3 (.const:ti_sysbios_family_arm_m3_Hwi_priGroup__C)

.const:ti_sysbios_family_arm_m3_TaskSupport_stackAlignment__C 
*          0    000013b0    00000004     
                  000013b0    00000004     release_pem3.oem3 (.const:ti_sysbios_family_arm_m3_TaskSupport_stackAlignment__C)

.const:ti_sysbios_heaps_HeapMem_E_memory__C 
*          0    000013b4    00000004     
                  000013b4    00000004     release_pem3.oem3 (.const:ti_sysbios_heaps_HeapMem_E_memory__C)

.const:ti_sysbios_heaps_HeapMem_Module__gateObj__C 
*          0    000013b8    00000004     
                  000013b8    00000004     release_pem3.oem3 (.const:ti_sysbios_heaps_HeapMem_Module__gateObj__C)

.const:ti_sysbios_heaps_HeapMem_Object__count__C 
*          0    000013bc    00000004     
                  000013bc    00000004     release_pem3.oem3 (.const:ti_sysbios_heaps_HeapMem_Object__count__C)

.const:ti_sysbios_heaps_HeapMem_Object__table__C 
*          0    000013c0    00000004     
                  000013c0    00000004     release_pem3.oem3 (.const:ti_sysbios_heaps_HeapMem_Object__table__C)

.const:ti_sysbios_heaps_HeapMem_reqAlign__C 
*          0    000013c4    00000004     
                  000013c4    00000004     release_pem3.oem3 (.const:ti_sysbios_heaps_HeapMem_reqAlign__C)

.const:ti_sysbios_knl_Clock_serviceMargin__C 
*          0    000013c8    00000004     
                  000013c8    00000004     release_pem3.oem3 (.const:ti_sysbios_knl_Clock_serviceMargin__C)

.const:ti_sysbios_knl_Mailbox_Object__count__C 
*          0    000013cc    00000004     
                  000013cc    00000004     release_pem3.oem3 (.const:ti_sysbios_knl_Mailbox_Object__count__C)

.const:ti_sysbios_knl_Mailbox_Object__table__C 
*          0    000013d0    00000004     
                  000013d0    00000004     release_pem3.oem3 (.const:ti_sysbios_knl_Mailbox_Object__table__C)

.const:ti_sysbios_knl_Mailbox_maxTypeAlign__C 
*          0    000013d4    00000004     
                  000013d4    00000004     release_pem3.oem3 (.const:ti_sysbios_knl_Mailbox_maxTypeAlign__C)

.const:ti_sysbios_knl_Queue_Object__count__C 
*          0    000013d8    00000004     
                  000013d8    00000004     release_pem3.oem3 (.const:ti_sysbios_knl_Queue_Object__count__C)

.const:ti_sysbios_knl_Queue_Object__table__C 
*          0    000013dc    00000004     
                  000013dc    00000004     release_pem3.oem3 (.const:ti_sysbios_knl_Queue_Object__table__C)

.const:ti_sysbios_knl_Swi_Object__count__C 
*          0    000013e0    00000004     
                  000013e0    00000004     release_pem3.oem3 (.const:ti_sysbios_knl_Swi_Object__count__C)

.const:ti_sysbios_knl_Swi_Object__table__C 
*          0    000013e4    00000004     
                  000013e4    00000004     release_pem3.oem3 (.const:ti_sysbios_knl_Swi_Object__table__C)

.const:ti_sysbios_knl_Swi_numPriorities__C 
*          0    000013e8    00000004     
                  000013e8    00000004     release_pem3.oem3 (.const:ti_sysbios_knl_Swi_numPriorities__C)

.const:ti_sysbios_knl_Task_Object__count__C 
*          0    000013ec    00000004     
                  000013ec    00000004     release_pem3.oem3 (.const:ti_sysbios_knl_Task_Object__count__C)

.const:ti_sysbios_knl_Task_Object__table__C 
*          0    000013f0    00000004     
                  000013f0    00000004     release_pem3.oem3 (.const:ti_sysbios_knl_Task_Object__table__C)

.const:ti_sysbios_knl_Task_allBlockedFunc__C 
*          0    000013f4    00000004     
                  000013f4    00000004     release_pem3.oem3 (.const:ti_sysbios_knl_Task_allBlockedFunc__C)

.const:ti_sysbios_knl_Task_defaultStackHeap__C 
*          0    000013f8    00000004     
                  000013f8    00000004     release_pem3.oem3 (.const:ti_sysbios_knl_Task_defaultStackHeap__C)

.const:ti_sysbios_knl_Task_defaultStackSize__C 
*          0    000013fc    00000004     
                  000013fc    00000004     release_pem3.oem3 (.const:ti_sysbios_knl_Task_defaultStackSize__C)

.const:ti_sysbios_knl_Task_numConstructedTasks__C 
*          0    00001400    00000004     
                  00001400    00000004     release_pem3.oem3 (.const:ti_sysbios_knl_Task_numConstructedTasks__C)

.const:ti_sysbios_family_arm_cc26xx_Timer_Module__id__C 
*          0    00001406    00000002     
                  00001406    00000002     release_pem3.oem3 (.const:ti_sysbios_family_arm_cc26xx_Timer_Module__id__C)

.const:ti_sysbios_family_arm_cc26xx_TimestampProvider_useClockTimer__C 
*          0    00001408    00000002     
                  00001408    00000002     release_pem3.oem3 (.const:ti_sysbios_family_arm_cc26xx_TimestampProvider_useClockTimer__C)

.const:ti_sysbios_family_arm_m3_Hwi_Module__id__C 
*          0    0000140a    00000002     
                  0000140a    00000002     release_pem3.oem3 (.const:ti_sysbios_family_arm_m3_Hwi_Module__id__C)

.const:ti_sysbios_gates_GateHwi_Module__id__C 
*          0    0000140c    00000002     
                  0000140c    00000002     release_pem3.oem3 (.const:ti_sysbios_gates_GateHwi_Module__id__C)

.const:ti_sysbios_gates_GateMutex_Module__id__C 
*          0    0000140e    00000002     
                  0000140e    00000002     release_pem3.oem3 (.const:ti_sysbios_gates_GateMutex_Module__id__C)

.const:ti_sysbios_heaps_HeapMem_Module__id__C 
*          0    00001410    00000002     
                  00001410    00000002     release_pem3.oem3 (.const:ti_sysbios_heaps_HeapMem_Module__id__C)

.const:ti_sysbios_knl_Task_initStackFlag__C 
*          0    00001412    00000002     
                  00001412    00000002     release_pem3.oem3 (.const:ti_sysbios_knl_Task_initStackFlag__C)

.const:ti_sysbios_knl_Clock_tickMode__C 
*          0    00001414    00000001     
                  00001414    00000001     release_pem3.oem3 (.const:ti_sysbios_knl_Clock_tickMode__C)

.const:xdc_runtime_Startup_firstFxns__C 
*          0    00001418    00000008     
                  00001418    00000008     release_pem3.oem3 (.const:xdc_runtime_Startup_firstFxns__C)

.const:xdc_runtime_Startup_lastFxns__C 
*          0    00001420    00000008     
                  00001420    00000008     release_pem3.oem3 (.const:xdc_runtime_Startup_lastFxns__C)

.const:xdc_runtime_Assert_E_assertFailed__C 
*          0    00001428    00000004     
                  00001428    00000004     release_pem3.oem3 (.const:xdc_runtime_Assert_E_assertFailed__C)

.const:xdc_runtime_Error_E_memory__C 
*          0    0000142c    00000004     
                  0000142c    00000004     release_pem3.oem3 (.const:xdc_runtime_Error_E_memory__C)

.const:xdc_runtime_Error_policyFxn__C 
*          0    00001430    00000004     
                  00001430    00000004     release_pem3.oem3 (.const:xdc_runtime_Error_policyFxn__C)

.const:xdc_runtime_IGateProvider_Interface__BASE__C 
*          0    00001434    00000004     
                  00001434    00000004     release_pem3.oem3 (.const:xdc_runtime_IGateProvider_Interface__BASE__C)

.const:xdc_runtime_IHeap_Interface__BASE__C 
*          0    00001438    00000004     
                  00001438    00000004     release_pem3.oem3 (.const:xdc_runtime_IHeap_Interface__BASE__C)

.const:xdc_runtime_IModule_Interface__BASE__C 
*          0    0000143c    00000004     
                  0000143c    00000004     release_pem3.oem3 (.const:xdc_runtime_IModule_Interface__BASE__C)

.const:xdc_runtime_Main_Module__diagsEnabled__C 
*          0    00001440    00000004     
                  00001440    00000004     release_pem3.oem3 (.const:xdc_runtime_Main_Module__diagsEnabled__C)

.const:xdc_runtime_Main_Module__diagsIncluded__C 
*          0    00001444    00000004     
                  00001444    00000004     release_pem3.oem3 (.const:xdc_runtime_Main_Module__diagsIncluded__C)

.const:xdc_runtime_Main_Module__diagsMask__C 
*          0    00001448    00000004     
                  00001448    00000004     release_pem3.oem3 (.const:xdc_runtime_Main_Module__diagsMask__C)

.const:xdc_runtime_Memory_defaultHeapInstance__C 
*          0    0000144c    00000004     
                  0000144c    00000004     release_pem3.oem3 (.const:xdc_runtime_Memory_defaultHeapInstance__C)

.const:xdc_runtime_Startup_execImpl__C 
*          0    00001450    00000004     
                  00001450    00000004     release_pem3.oem3 (.const:xdc_runtime_Startup_execImpl__C)

.const:xdc_runtime_Startup_maxPasses__C 
*          0    00001454    00000004     
                  00001454    00000004     release_pem3.oem3 (.const:xdc_runtime_Startup_maxPasses__C)

.const:xdc_runtime_Startup_sfxnRts__C 
*          0    00001458    00000004     
                  00001458    00000004     release_pem3.oem3 (.const:xdc_runtime_Startup_sfxnRts__C)

.const:xdc_runtime_Startup_sfxnTab__C 
*          0    0000145c    00000004     
                  0000145c    00000004     release_pem3.oem3 (.const:xdc_runtime_Startup_sfxnTab__C)

.const:xdc_runtime_Startup_startModsFxn__C 
*          0    00001460    00000004     
                  00001460    00000004     release_pem3.oem3 (.const:xdc_runtime_Startup_startModsFxn__C)

.const:xdc_runtime_SysCallback_abortFxn__C 
*          0    00001464    00000004     
                  00001464    00000004     release_pem3.oem3 (.const:xdc_runtime_SysCallback_abortFxn__C)

.const:xdc_runtime_SysCallback_exitFxn__C 
*          0    00001468    00000004     
                  00001468    00000004     release_pem3.oem3 (.const:xdc_runtime_SysCallback_exitFxn__C)

.const:xdc_runtime_System_abortFxn__C 
*          0    0000146c    00000004     
                  0000146c    00000004     release_pem3.oem3 (.const:xdc_runtime_System_abortFxn__C)

.const:xdc_runtime_System_exitFxn__C 
*          0    00001470    00000004     
                  00001470    00000004     release_pem3.oem3 (.const:xdc_runtime_System_exitFxn__C)

.const:xdc_runtime_System_maxAtexitHandlers__C 
*          0    00001474    00000004     
                  00001474    00000004     release_pem3.oem3 (.const:xdc_runtime_System_maxAtexitHandlers__C)

.const:xdc_runtime_Text_charTab__C 
*          0    00001478    00000004     
                  00001478    00000004     release_pem3.oem3 (.const:xdc_runtime_Text_charTab__C)

.const:xdc_runtime_Text_nameEmpty__C 
*          0    0000147c    00000004     
                  0000147c    00000004     release_pem3.oem3 (.const:xdc_runtime_Text_nameEmpty__C)

.const:xdc_runtime_Text_nameStatic__C 
*          0    00001480    00000004     
                  00001480    00000004     release_pem3.oem3 (.const:xdc_runtime_Text_nameStatic__C)

.const:xdc_runtime_Text_nameUnknown__C 
*          0    00001484    00000004     
                  00001484    00000004     release_pem3.oem3 (.const:xdc_runtime_Text_nameUnknown__C)

.const:xdc_runtime_Main_Module__id__C 
*          0    00001488    00000002     
                  00001488    00000002     release_pem3.oem3 (.const:xdc_runtime_Main_Module__id__C)

.const:xdc_runtime_Memory_Module__id__C 
*          0    0000148a    00000002     
                  0000148a    00000002     release_pem3.oem3 (.const:xdc_runtime_Memory_Module__id__C)

.const:xdc_runtime_Text_charCnt__C 
*          0    0000148c    00000002     
                  0000148c    00000002     release_pem3.oem3 (.const:xdc_runtime_Text_charCnt__C)

.const:xdc_runtime_Text_isLoaded__C 
*          0    0000148e    00000002     
                  0000148e    00000002     release_pem3.oem3 (.const:xdc_runtime_Text_isLoaded__C)

.const:xdc_runtime_Error_policy__C 
*          0    00001490    00000001     
                  00001490    00000001     release_pem3.oem3 (.const:xdc_runtime_Error_policy__C)

.const:ti_sysbios_rom_ROM_AONRTCChannelEnable 
*          0    00001494    00000004     
                  00001494    00000004     release_pem3.oem3 (.const:ti_sysbios_rom_ROM_AONRTCChannelEnable)

.const:ti_sysbios_rom_ROM_AONRTCCompareValueSet 
*          0    00001498    00000004     
                  00001498    00000004     release_pem3.oem3 (.const:ti_sysbios_rom_ROM_AONRTCCompareValueSet)

.const:ti_sysbios_rom_ROM_AONRTCCurrentCompareValueGet 
*          0    0000149c    00000004     
                  0000149c    00000004     release_pem3.oem3 (.const:ti_sysbios_rom_ROM_AONRTCCurrentCompareValueGet)

.const:ti_sysbios_rom_ROM_AONRTCEventClear 
*          0    000014a0    00000004     
                  000014a0    00000004     release_pem3.oem3 (.const:ti_sysbios_rom_ROM_AONRTCEventClear)

.const:ti_sysbios_rom_ROM_ti_sysbios_family_arm_cc26xx_Timer_getCount64__E 
*          0    000014a4    00000004     
                  000014a4    00000004     release_pem3.oem3 (.const:ti_sysbios_rom_ROM_ti_sysbios_family_arm_cc26xx_Timer_getCount64__E)

.const:ti_sysbios_rom_ROM_ti_sysbios_family_arm_cc26xx_Timer_getCurrentTick__E 
*          0    000014a8    00000004     
                  000014a8    00000004     release_pem3.oem3 (.const:ti_sysbios_rom_ROM_ti_sysbios_family_arm_cc26xx_Timer_getCurrentTick__E)

.const:ti_sysbios_rom_ROM_ti_sysbios_family_arm_cc26xx_Timer_getMaxTicks__E 
*          0    000014ac    00000004     
                  000014ac    00000004     release_pem3.oem3 (.const:ti_sysbios_rom_ROM_ti_sysbios_family_arm_cc26xx_Timer_getMaxTicks__E)

.const:ti_sysbios_rom_ROM_ti_sysbios_family_arm_cc26xx_Timer_initDevice__I 
*          0    000014b0    00000004     
                  000014b0    00000004     release_pem3.oem3 (.const:ti_sysbios_rom_ROM_ti_sysbios_family_arm_cc26xx_Timer_initDevice__I)

.const:ti_sysbios_rom_ROM_ti_sysbios_family_arm_cc26xx_Timer_setNextTick__E 
*          0    000014b4    00000004     
                  000014b4    00000004     release_pem3.oem3 (.const:ti_sysbios_rom_ROM_ti_sysbios_family_arm_cc26xx_Timer_setNextTick__E)

.const:ti_sysbios_rom_ROM_ti_sysbios_family_arm_cc26xx_Timer_setThreshold__I 
*          0    000014b8    00000004     
                  000014b8    00000004     release_pem3.oem3 (.const:ti_sysbios_rom_ROM_ti_sysbios_family_arm_cc26xx_Timer_setThreshold__I)

.const:ti_sysbios_rom_ROM_ti_sysbios_family_arm_cc26xx_Timer_start__E 
*          0    000014bc    00000004     
                  000014bc    00000004     release_pem3.oem3 (.const:ti_sysbios_rom_ROM_ti_sysbios_family_arm_cc26xx_Timer_start__E)

.const:ti_sysbios_rom_ROM_ti_sysbios_family_arm_cc26xx_TimestampProvider_get32__E 
*          0    000014c0    00000004     
                  000014c0    00000004     release_pem3.oem3 (.const:ti_sysbios_rom_ROM_ti_sysbios_family_arm_cc26xx_TimestampProvider_get32__E)

.const:ti_sysbios_rom_ROM_xdc_runtime_Startup_getState__I 
*          0    000014c4    00000004     
                  000014c4    00000004     release_pem3.oem3 (.const:ti_sysbios_rom_ROM_xdc_runtime_Startup_getState__I)

.const:ti_sysbios_rom_ROM_xdc_runtime_System_SupportProxy_abort__E 
*          0    000014c8    00000004     
                  000014c8    00000004     release_pem3.oem3 (.const:ti_sysbios_rom_ROM_xdc_runtime_System_SupportProxy_abort__E)

.const:ti_sysbios_rom_ROM_xdc_runtime_System_SupportProxy_exit__E 
*          0    000014cc    00000004     
                  000014cc    00000004     release_pem3.oem3 (.const:ti_sysbios_rom_ROM_xdc_runtime_System_SupportProxy_exit__E)

.const:ti_sysbios_gates_GateMutex_Instance_State_sem__O 
*          0    000014d0    00000004     
                  000014d0    00000004     release_pem3.oem3 (.const:ti_sysbios_gates_GateMutex_Instance_State_sem__O)

.const:ti_sysbios_knl_Clock_Module_State_clockQ__O 
*          0    000014d4    00000004     
                  000014d4    00000004     release_pem3.oem3 (.const:ti_sysbios_knl_Clock_Module_State_clockQ__O)

.const:ti_sysbios_knl_Mailbox_Instance_State_dataQue__O 
*          0    000014d8    00000004     
                  000014d8    00000004     release_pem3.oem3 (.const:ti_sysbios_knl_Mailbox_Instance_State_dataQue__O)

.const:ti_sysbios_knl_Mailbox_Instance_State_dataSem__O 
*          0    000014dc    00000004     
                  000014dc    00000004     release_pem3.oem3 (.const:ti_sysbios_knl_Mailbox_Instance_State_dataSem__O)

.const:ti_sysbios_knl_Mailbox_Instance_State_freeQue__O 
*          0    000014e0    00000004     
                  000014e0    00000004     release_pem3.oem3 (.const:ti_sysbios_knl_Mailbox_Instance_State_freeQue__O)

.const:ti_sysbios_knl_Mailbox_Instance_State_freeSem__O 
*          0    000014e4    00000004     
                  000014e4    00000004     release_pem3.oem3 (.const:ti_sysbios_knl_Mailbox_Instance_State_freeSem__O)

.const:ti_sysbios_knl_Semaphore_Instance_State_pendQ__O 
*          0    000014e8    00000004     
                  000014e8    00000004     release_pem3.oem3 (.const:ti_sysbios_knl_Semaphore_Instance_State_pendQ__O)

.const:ti_sysbios_knl_Task_Module_State_inactiveQ__O 
*          0    000014ec    00000004     
                  000014ec    00000004     release_pem3.oem3 (.const:ti_sysbios_knl_Task_Module_State_inactiveQ__O)

.cinit     0    000062b0    000002f8     
                  000062b0    000001bf     (.cinit..data.load) [load image, compression = lzss]
                  0000646f    00000027     (.cinit..data:ti_sysbios_family_arm_m3_Hwi_Module__state__V.load) [load image, compression = lzss]
                  00006496    00000021     (.cinit..data:ti_sysbios_knl_Task_Module__state__V.load) [load image, compression = lzss]
                  000064b7    0000001f     (.cinit..data:ti_sysbios_BIOS_Module__state__V.load) [load image, compression = lzss]
                  000064d6    0000001d     (.cinit..data:ti_sysbios_knl_Clock_Module__state__V.load) [load image, compression = lzss]
                  000064f3    00000010     (.cinit..data:ti_sysbios_knl_Swi_Module__state__V.load) [load image, compression = lzss]
                  00006503    00000001     --HOLE-- [fill = 0]
                  00006504    0000000c     (__TI_handler_table)
                  00006510    0000000b     (.cinit..data:ti_sysbios_family_arm_cc26xx_Timer_Module__state__V.load) [load image, compression = lzss]
                  0000651b    0000000b     (.cinit..data:xdc_runtime_System_Module__state__V.load) [load image, compression = lzss]
                  00006526    00000002     --HOLE-- [fill = 0]
                  00006528    00000008     (.cinit..bss.load) [load image, compression = zero_init]
                  00006530    00000008     (.cinit..data:xdc_runtime_Memory_Module__state__V.load) [load image, compression = lzss]
                  00006538    00000007     (.cinit..data:ti_sysbios_family_arm_cc26xx_TimestampProvider_Module__state__V.load) [load image, compression = lzss]
                  0000653f    00000007     (.cinit..data:xdc_runtime_Startup_Module__state__V.load) [load image, compression = lzss]
                  00006546    00000002     --HOLE-- [fill = 0]
                  00006548    00000060     (__TI_cinit_table)

.init_array 
*          0    00000000    00000000     UNINITIALIZED

.ccfg      0    0001ffa8    00000058     
                  0001ffa8    00000058     ccfg.obj (.ccfg:retain)

.data:ti_sysbios_knl_Task_Module__state__V 
*          0    20000100    00000044     UNINITIALIZED
                  20000100    00000044     release_pem3.oem3 (.data:ti_sysbios_knl_Task_Module__state__V)

.data:ti_sysbios_family_arm_m3_Hwi_Module__state__V 
*          0    20000144    00000034     UNINITIALIZED
                  20000144    00000034     release_pem3.oem3 (.data:ti_sysbios_family_arm_m3_Hwi_Module__state__V)

.data:ti_sysbios_knl_Clock_Module__state__V 
*          0    20000178    0000002c     UNINITIALIZED
                  20000178    0000002c     release_pem3.oem3 (.data:ti_sysbios_knl_Clock_Module__state__V)

.data:ti_sysbios_BIOS_Module__state__V 
*          0    200001a4    00000024     UNINITIALIZED
                  200001a4    00000024     release_pem3.oem3 (.data:ti_sysbios_BIOS_Module__state__V)

.data:ti_sysbios_knl_Swi_Module__state__V 
*          0    200001c8    0000001c     UNINITIALIZED
                  200001c8    0000001c     release_pem3.oem3 (.data:ti_sysbios_knl_Swi_Module__state__V)

.data:ti_sysbios_family_arm_cc26xx_Timer_Module__state__V 
*          0    200001e4    00000008     UNINITIALIZED
                  200001e4    00000008     release_pem3.oem3 (.data:ti_sysbios_family_arm_cc26xx_Timer_Module__state__V)

.data:ti_sysbios_family_arm_cc26xx_TimestampProvider_Module__state__V 
*          0    200001ec    00000004     UNINITIALIZED
                  200001ec    00000004     release_pem3.oem3 (.data:ti_sysbios_family_arm_cc26xx_TimestampProvider_Module__state__V)

.data:xdc_runtime_Startup_Module__state__V 
*          0    200001f0    00000008     UNINITIALIZED
                  200001f0    00000008     release_pem3.oem3 (.data:xdc_runtime_Startup_Module__state__V)

.data:xdc_runtime_System_Module__state__V 
*          0    200001f8    00000008     UNINITIALIZED
                  200001f8    00000008     release_pem3.oem3 (.data:xdc_runtime_System_Module__state__V)

.data:xdc_runtime_Memory_Module__state__V 
*          0    20000200    00000004     UNINITIALIZED
                  20000200    00000004     release_pem3.oem3 (.data:xdc_runtime_Memory_Module__state__V)

.bss       0    20000208    000017f8     UNINITIALIZED
                  20000208    00000400     main_tirtos.obj (.bss:createPacketStack)
                  20000608    00000400     main_tirtos.obj (.bss:rxTaskStack)
                  20000a08    00000400     main_tirtos.obj (.bss:txTaskStack)
                  20000e08    000003d8     rf_multiMode_cc13x0.aem3 : RFCC26XX_multiMode.oem3 (.bss:$O1$$)
                  200011e0    00000200     release_pem3.oem3 (.bss:taskStackSection)
                  200013e0    00000110     main_tirtos.obj (.bss:rxDataEntryBuffer)
                  200014f0    000000c8     (.common:ti_sysbios_family_arm_m3_Hwi_dispatchTable)
                  200015b8    000000a8     main_tirtos.obj (.bss:rfObject)
                  20001660    0000007c     main_tirtos.obj (.bss:packetBuffer)
                  200016dc    0000007c     main_tirtos.obj (.bss:tmpPacketBuffer)
                  20001758    00000050     (.common:createPacketTask)
                  200017a8    00000050     (.common:rxTask)
                  200017f8    00000050     (.common:txTask)
                  20001848    0000003c     main_tirtos.obj (.bss:createPacketParams)
                  20001884    0000003c     main_tirtos.obj (.bss:rxTaskParams)
                  200018c0    0000003c     main_tirtos.obj (.bss:txTaskParams)
                  200018fc    00000023     main_tirtos.obj (.bss)
                  2000191f    00000001     rf_multiMode_cc13x0.aem3 : RFCC26XX_multiMode.oem3 (.bss)
                  20001920    0000001c     main_tirtos.obj (.bss:rfParams)
                  2000193c    0000001c     main_tirtos.obj (.bss:semHandleStruct)
                  20001958    0000001c     main_tirtos.obj (.bss:semOwnEmptyStruct)
                  20001974    0000001c     main_tirtos.obj (.bss:semOwnFullStruct)
                  20001990    00000014     rf_multiMode_cc13x0.aem3 : RFCC26XX_multiMode.oem3 (.bss:RF_ratSyncCmd)
                  200019a4    00000014     driverlib.lib : osc.obj (.bss:oscHfGlobals)
                  200019b8    0000000c     main_tirtos.obj (.bss:ledPinState)
                  200019c4    0000000c     main_tirtos.obj (.bss:rxStatistics)
                  200019d0    00000008     dpl_cc13x0.aem3 : PowerCC26XX_tirtos.oem3 (.bss:$O1$$)
                  200019d8    00000008     main_tirtos.obj (.bss:dataQueue)
                  200019e0    00000008     driverlib.lib : sys_ctrl.obj (.bss:powerQualGlobals)
                  200019e8    00000007     main_tirtos.obj (.bss:packetRX)
                  200019ef    00000007     main_tirtos.obj (.bss:packetTX)
                  200019f6    00000001     (.common:driverlib_release_0_55724)
                  200019f7    00000001     (.common:initTask)
                  200019f8    00000004     (.common:ClockP_tickPeriod)
                  200019fc    00000004     (.common:readEntry)

.data      0    20002a00    00000602     UNINITIALIZED
                  20002a00    00000114     drivers_cc13x0.aem3 : PINCC26XX.oem3 (.data:$O1$$)
                  20002b14    00000114                         : PowerCC26XX.oem3 (.data:PowerCC26XX_module)
                  20002c28    00000088     rom_sysbios.aem3 : rom_sysbios.obj (.data:$O1$$)
                  20002cb0    00000054     smartrf_settings.obj (.data:pOverrides)
                  20002d04    00000054     release_pem3.oem3 (.data:ti_sysbios_gates_GateMutex_Object__table__V)
                  20002d58    0000004c     release_pem3.oem3 (.data:ti_sysbios_knl_Task_Object__table__V)
                  20002da4    00000004     rtsv7M3_T_le_eabi.lib : rand.c.obj (.data)
                  20002da8    00000048     release_pem3.oem3 (.data:ti_sysbios_family_arm_cc26xx_Timer_Object__table__V)
                  20002df0    00000030     release_pem3.oem3 (.data:ti_sysbios_knl_Swi_Module_State_0_readyQ__A)
                  20002e20    00000030     release_pem3.oem3 (.data:ti_sysbios_knl_Swi_Object__table__V)
                  20002e50    00000030     release_pem3.oem3 (.data:ti_sysbios_knl_Task_Module_State_0_readyQ__A)
                  20002e80    00000028     smartrf_settings.obj (.data:RF_cmdPropRadioDivSetup)
                  20002ea8    00000024     smartrf_settings.obj (.data:RF_cmdPropRx)
                  20002ecc    00000020     release_pem3.oem3 (.data:ti_sysbios_knl_Clock_Object__table__V)
                  20002eec    00000020     release_pem3.oem3 (.data:xdc_runtime_Error_IgnoreBlock)
                  20002f0c    00000018     smartrf_settings.obj (.data:RF_cmdFs)
                  20002f24    00000018     smartrf_settings.obj (.data:RF_cmdPropTx)
                  20002f3c    00000018     release_pem3.oem3 (.data:ti_sysbios_family_arm_m3_Hwi_Object__table__V)
                  20002f54    00000018     release_pem3.oem3 (.data:ti_sysbios_heaps_HeapMem_Object__table__V)
                  20002f6c    00000010     smartrf_settings.obj (.data:RF_prop)
                  20002f7c    0000000c     main_tirtos.obj (.data:ledPinTable)
                  20002f88    00000008     rtsv7M3_T_le_eabi.lib : _lock.c.obj (.data:$O1$$)
                  20002f90    00000008     release_pem3.oem3 (.data:ti_sysbios_family_arm_m3_Hwi_Module__root__V)
                  20002f98    00000008     release_pem3.oem3 (.data:ti_sysbios_gates_GateHwi_Module__root__V)
                  20002fa0    00000008     release_pem3.oem3 (.data:ti_sysbios_gates_GateMutex_Module__root__V)
                  20002fa8    00000008     release_pem3.oem3 (.data:ti_sysbios_hal_Hwi_Module__root__V)
                  20002fb0    00000008     release_pem3.oem3 (.data:ti_sysbios_heaps_HeapMem_Module__root__V)
                  20002fb8    00000008     release_pem3.oem3 (.data:ti_sysbios_knl_Clock_Module__root__V)
                  20002fc0    00000008     release_pem3.oem3 (.data:ti_sysbios_knl_Mailbox_Module__root__V)
                  20002fc8    00000008     release_pem3.oem3 (.data:ti_sysbios_knl_Queue_Module__root__V)
                  20002fd0    00000008     release_pem3.oem3 (.data:ti_sysbios_knl_Semaphore_Module__root__V)
                  20002fd8    00000008     release_pem3.oem3 (.data:ti_sysbios_knl_Swi_Module__root__V)
                  20002fe0    00000008     release_pem3.oem3 (.data:ti_sysbios_knl_Task_Module__root__V)
                  20002fe8    00000008     release_pem3.oem3 (.data:xdc_runtime_System_Module_State_0_atexitHandlers__A)
                  20002ff0    00000004     rtsv7M3_T_le_eabi.lib : stkdepth_vars.c.obj (.data)
                  20002ff4    00000004     release_pem3.oem3 (.data:ti_sysbios_family_arm_m3_Hwi_Module_State_0_excContext__A)
                  20002ff8    00000004     release_pem3.oem3 (.data:ti_sysbios_family_arm_m3_Hwi_Module_State_0_excStack__A)
                  20002ffc    00000004     release_pem3.oem3 (.data:ti_sysbios_knl_Task_Module_State_0_idleTask__A)
                  20003000    00000002     release_pem3.oem3 (.data:ti_sysbios_family_arm_m3_Hwi_Module_State_0_excActive__A)

.priheap   0    20001a00    00001000     UNINITIALIZED
                  20001a00    00001000     --HOLE--

.stack     0    20004c00    00000400     UNINITIALIZED
                  20004c00    00000400     --HOLE--

.bootVecs 
*          0    00000000    00000008     DSECT
                  00000000    00000008     boot.aem3 : boot.oem3 (.bootVecs)

.resetVecs 
*          0    00000000    0000003c     
                  00000000    0000003c     release_pem3.oem3 (.resetVecs)

.vecs      0    20000000    000000c8     NOLOAD SECTION
                  20000000    000000c8     release_pem3.oem3 (.vecs)

xdc.meta   0    00000000    00000104     COPY SECTION
                  00000000    00000104     release_pem3.oem3 (xdc.meta)

xdc.noload 
*          0    00000000    00000000     COPY SECTION

.binit     0    00000000    00000000     

.text.1    0    0000003c    00000fc4     
                  0000003c    0000048c     rf_multiMode_cc13x0.aem3 : RFCC26XX_multiMode.oem3 (.text:RF_fsmActiveState)
                  000004c8    00000008     (.tramp.ti_sysbios_family_arm_m3_Hwi_restoreFxn__E.1)
                  000004d0    0000030c     drivers_cc13x0.aem3 : PowerCC26XX_calibrateRCOSC.oem3 (.text:PowerCC26XX_auxISR)
                  000007dc    00000228     driverlib.lib : sys_ctrl.obj (.text:NOROM_SysCtrlSetRechargeBeforePowerDown)
                  00000a04    00000224     drivers_cc13x0.aem3 : PowerCC26XX.oem3 (.text:Power_sleep)
                  00000c28    00000008     (.tramp.ti_sysbios_knl_Swi_restore__E.1)
                  00000c30    000001e8     main_tirtos.obj (.text:txTaskFunction)
                  00000e18    00000008     (.tramp.ti_sysbios_knl_Semaphore_pend__E.1)
                  00000e20    00000008     (.tramp.ti_sysbios_knl_Semaphore_post__E.1)
                  00000e28    000001d8     rf_multiMode_cc13x0.aem3 : RFCC26XX_multiMode.oem3 (.text:RF_open)

.text.2    0    00001380    00000004     
                  00001380    00000004     dpl_cc13x0.aem3 : PowerCC26XX_tirtos.oem3 (.text:CPUwfi)

.text.3    0    00001404    00000002     
                  00001404    00000002     rf_multiMode_cc13x0.aem3 : RFCC26XX_multiMode.oem3 (.text:RF_defaultCallback)

.text.4    0    000014f0    00004168     
                  000014f0    000001b0     drivers_cc13x0.aem3 : PINCC26XX.oem3 (.text:PIN_init)
                  000016a0    00000190                         : PowerCC26XX_calibrateRCOSC.oem3 (.text:PowerCC26XX_doCalibrate)
                  00001830    00000154     rf_multiMode_cc13x0.aem3 : RFCC26XX_multiMode.oem3 (.text:RF_fsmSetupState)
                  00001984    00000124     driverlib.lib : setup_rom.obj (.text:NOROM_SetupAfterColdResetWakeupFromShutDownCfg3)
                  00001aa8    00000124     rf_multiMode_cc13x0.aem3 : RFCC26XX_multiMode.oem3 (.text:RF_dispatchNextCmd)
                  00001bcc    00000118                              : RFCC26XX_multiMode.oem3 (.text:RF_radioOpDoneCb)
                  00001ce4    00000114     drivers_cc13x0.aem3 : PowerCC26XX.oem3 (.text:Power_init)
                  00001df8    000000f4     main_tirtos.obj (.text:RF_init)
                  00001eec    000000f0     driverlib.lib : setup_rom.obj (.text:NOROM_SetupAfterColdResetWakeupFromShutDownCfg2)
                  00001fdc    000000f0     drivers_cc13x0.aem3 : PINCC26XX.oem3 (.text:PINCC26XX_setIoCfg)
                  000020cc    000000e8     rf_multiMode_cc13x0.aem3 : RFCC26XX_multiMode.oem3 (.text:RF_fsmPowerUpState)
                  000021b4    000000e4     dpl_cc13x0.aem3 : PowerCC26XX_tirtos.oem3 (.text:PowerCC26XX_standbyPolicy)
                  00002298    000000d8     main_tirtos.obj (.text:rxcallback)
                  00002370    000000d4     driverlib.lib : rfc.obj (.text:NOROM_RFCRfTrimRead)
                  00002444    000000d4     rf_multiMode_cc13x0.aem3 : RFCC26XX_multiMode.oem3 (.text:RF_pendCmd)
                  00002518    000000cc     driverlib.lib : rfc.obj (.text:NOROM_RFCRTrim)
                  000025e4    000000cc     rf_multiMode_cc13x0.aem3 : RFCC26XX_multiMode.oem3 (.text:RF_swiHw)
                  000026b0    000000c4     driverlib.lib : setup.obj (.text:TrimAfterColdResetWakeupFromShutDown)
                  00002774    000000bc     drivers_cc13x0.aem3 : PowerCC26XX.oem3 (.text:Power_releaseDependency)
                  00002830    000000b8     rf_multiMode_cc13x0.aem3 : RFCC26XX_multiMode.oem3 (.text:RF_postCmd)
                  000028e8    000000b4     drivers_cc13x0.aem3 : PowerCC26XX.oem3 (.text:Power_setDependency)
                  0000299c    000000b4     main_tirtos.obj (.text:main)
                  00002a50    000000b0     rf_multiMode_cc13x0.aem3 : RFCC26XX_multiMode.oem3 (.text:RF_hwiCpe0Active)
                  00002b00    000000a8     driverlib.lib : setup.obj (.text:NOROM_SetupTrimDevice)
                  00002ba8    000000a8     rf_multiMode_cc13x0.aem3 : RFCC26XX_multiMode.oem3 (.text:RF_ratRestartChannels)
                  00002c50    000000a4     driverlib.lib : setup_rom.obj (.text:NOROM_SetupAfterColdResetWakeupFromShutDownCfg1)
                  00002cf4    000000a4     drivers_cc13x0.aem3 : PowerCC26XX.oem3 (.text:switchXOSCHFclockFunc)
                  00002d98    000000a0                         : PINCC26XX.oem3 (.text:PIN_open)
                  00002e38    000000a0     auto_init.aem3 : auto_init.oem3 (.text)
                  00002ed8    0000009c     rf_multiMode_cc13x0.aem3 : RFCC26XX_multiMode.oem3 (.text:RF_calculateDispatchTime)
                  00002f74    0000009c     rtsv7M3_T_le_eabi.lib : memcpy_t2.asm.obj (.text)
                  00003010    00000098     rom_sysbios.aem3 : rom_sysbios.obj (.text:ti_sysbios_knl_Clock_workFuncDynamic__E)
                  000030a8    00000096     rtsv7M3_T_le_eabi.lib : ull_div_t2.asm.obj (.text)
                  0000313e    00000002                           : _lock.c.obj (.text:_nop)
                  00003140    00000090     rom_sysbios.aem3 : rom_sysbios.obj (.text:ti_sysbios_family_arm_cc26xx_Timer_start__E)
                  000031d0    00000088     RFQueue.obj (.text:RFQueue_defineQueue)
                  00003258    00000084     rf_multiMode_cc13x0.aem3 : RFCC26XX_multiMode.oem3 (.text:RF_issueRadioFreeCb)
                  000032dc    00000084     main_tirtos.obj (.text:createPacketFunction)
                  00003360    0000007c     rf_multiMode_cc13x0.aem3 : RFCC26XX_multiMode.oem3 (.text:RF_ratFreeChannel)
                  000033dc    0000007c     smartrf_settings.obj (.text:rf_patch_rfe_genfsk)
                  00003458    0000007a     rtsv7M3_T_le_eabi.lib : memset_t2.asm.obj (.text)
                  000034d2    00000002     drivers_cc13x0.aem3 : PowerCC26XX.oem3 (.text:emptyClockFunc)
                  000034d4    00000074     driverlib.lib : setup_rom.obj (.text:NOROM_SetupSetVddrLevel)
                  00003548    00000074     rf_multiMode_cc13x0.aem3 : RFCC26XX_multiMode.oem3 (.text:RF_yield)
                  000035bc    00000074     smartrf_settings.obj (.text:applyGenfskPatch)
                  00003630    00000070     rf_multiMode_cc13x0.aem3 : RFCC26XX_multiMode.oem3 (.text:RF_hwiHw)
                  000036a0    0000006c     drivers_cc13x0.aem3 : PowerCC26XX_calibrateRCOSC.oem3 (.text:PowerCC26XX_initiateCalibration)
                  0000370c    0000006c     rf_multiMode_cc13x0.aem3 : RFCC26XX_multiMode.oem3 (.text:RF_initRadioSetup)
                  00003778    00000068     driverlib.lib : setup_rom.obj (.text:NOROM_SetupGetTrimForAmpcompCtrl)
                  000037e0    00000068                   : setup_rom.obj (.text:NOROM_SetupGetTrimForAnabypassValue1)
                  00003848    00000068                   : sys_ctrl.obj (.text:NOROM_SysCtrlAdjustRechargeAfterPowerDown)
                  000038b0    00000068                   : sys_ctrl.obj (.text:NOROM_SysCtrl_DCDC_VoltageConditionalControl)
                  00003918    00000068     rtsv7M3_T_le_eabi.lib : copy_decompress_lzss.c.obj (.text:decompress:lzss:__TI_decompress_lzss)
                  00003980    00000068     drivers_cc13x0.aem3 : PowerCC26XX.oem3 (.text:lfClockReadyCallback)
                  000039e8    00000064     driverlib.lib : osc.obj (.text:NOROM_OSCHF_AttemptToSwitchToXosc)
                  00003a4c    00000064     rf_multiMode_cc13x0.aem3 : RFCC26XX_multiMode.oem3 (.text:RF_dispatchNextEvent)
                  00003ab0    00000064     drivers_cc13x0.aem3 : PowerCC26XX.oem3 (.text:configureXOSCHF)
                  00003b14    00000062     CC1310_LAUNCHXL_fxns.obj (.text:CC1310_LAUNCHXL_sendExtFlashByte)
                  00003b76    00000002     rtsv7M3_T_le_eabi.lib : div0.asm.obj (.text)
                  00003b78    00000060     driverlib.lib : osc.obj (.text:NOROM_OSCClockSourceSet)
                  00003bd8    00000060     drivers_cc13x0.aem3 : PowerCC26XX.oem3 (.text:PowerCC26XX_calibrate)
                  00003c38    00000060     rf_multiMode_cc13x0.aem3 : RFCC26XX_multiMode.oem3 (.text:RF_getCurrentTime)
                  00003c98    0000005c     drivers_cc13x0.aem3 : PowerCC26XX_calibrateRCOSC.oem3 (.text:PowerCC26XX_RCOSC_clockFunc)
                  00003cf4    0000005c     rf_multiMode_cc13x0.aem3 : RFCC26XX_multiMode.oem3 (.text:RF_hwiCpe0PowerFsm)
                  00003d50    0000005c                              : RFCC26XX_multiMode.oem3 (.text:RF_syncCb)
                  00003dac    0000005c     rom_sysbios.aem3 : rom_sysbios.obj (.text:ti_sysbios_heaps_HeapMem_initPrimary__I)
                  00003e08    0000005c     release_pem3.oem3 (.text:xdc_runtime_Startup_getState__I)
                  00003e64    00000058     drivers_cc13x0.aem3 : PINCC26XX.oem3 (.text:PIN_remove)
                  00003ebc    00000058     rf_multiMode_cc13x0.aem3 : RFCC26XX_multiMode.oem3 (.text:RF_cmdDispatchTime)
                  00003f14    00000054                              : RFCC26XX_multiMode.oem3 (.text:RF_applyRfCorePatch)
                  00003f68    00000050     dpl_cc13x0.aem3 : ClockP_tirtos.oem3 (.text:ClockP_construct)
                  00003fb8    00000050     driverlib.lib : setup_rom.obj (.text:NOROM_SetupSetCacheModeAccordingToCcfgSetting)
                  00004008    00000050     rf_multiMode_cc13x0.aem3 : RFCC26XX_multiMode.oem3 (.text:RF_fsmXOSCState)
                  00004058    00000050                              : RFCC26XX_multiMode.oem3 (.text:RF_wakeupNotification)
                  000040a8    0000004c     rtsv7M3_T_le_eabi.lib : cpy_tbl.c.obj (.text:copy_in)
                  000040f4    00000048     CC1310_LAUNCHXL_fxns.obj (.text:CC1310_LAUNCHXL_wakeUpExtFlash)
                  0000413c    00000044     boot.aem3 : boot.oem3 (.text)
                  00004180    00000044     main_tirtos.obj (.text:createPacketTask_init)
                  000041c4    00000044     main_tirtos.obj (.text:rxTask_init)
                  00004208    00000044     main_tirtos.obj (.text:txTask_init)
                  0000424c    00000040     drivers_cc13x0.aem3 : PINCC26XX.oem3 (.text:PIN_swi)
                  0000428c    00000040     main_tirtos.obj (.text:rxTaskFunction)
                  000042cc    00000040     rom_sysbios.aem3 : rom_sysbios.obj (.text:ti_sysbios_family_arm_cc26xx_Timer_setThreshold__I)
                  0000430c    00000040     main_tirtos.obj (.text:txcallback)
                  0000434c    0000003e     dpl_cc13x0.aem3 : HwiP_tirtos.oem3 (.text:HwiP_construct)
                  0000438a    00000002     rom_sysbios.aem3 : rom_sysbios.obj (.text:ti_sysbios_BIOS_linkedWithIncorrectBootLibrary__E)
                  0000438c    0000003c     driverlib.lib : chipinfo.obj (.text:NOROM_ChipInfo_GetHwRevision)
                  000043c8    0000003c                   : osc.obj (.text:NOROM_OSC_HPOSCRelativeFrequencyOffsetGet)
                  00004404    0000003c                   : rfc.obj (.text:NOROM_RFCSynthPowerDown)
                  00004440    0000003c     drivers_cc13x0.aem3 : PowerCC26XX.oem3 (.text:PowerCC26XX_isStableXOSC_HF)
                  0000447c    0000003c     rf_multiMode_cc13x0.aem3 : RFCC26XX_multiMode.oem3 (.text:RF_cmdGet)
                  000044b8    0000003c                              : RFCC26XX_multiMode.oem3 (.text:RF_cmdStoreEvents)
                  000044f4    0000003c     dpl_cc13x0.aem3 : SwiP_tirtos.oem3 (.text:SwiP_construct)
                  00004530    0000003c     drivers_cc13x0.aem3 : PowerCC26XX.oem3 (.text:disableLfClkQualifiersEnableClkLoss)
                  0000456c    0000003c     rom_sysbios.aem3 : rom_sysbios.obj (.text:sleep)
                  000045a8    0000003c                      : rom_sysbios.obj (.text:ti_sysbios_family_arm_m3_Hwi_construct2__E)
                  000045e4    00000038     CC1310_LAUNCHXL_fxns.obj (.text:CC1310_LAUNCHXL_shutDownExtFlash)
                  0000461c    00000038     drivers_cc13x0.aem3 : PINCC26XX.oem3 (.text:PIN_setConfig)
                  00004654    00000038                         : PINCC26XX.oem3 (.text:PIN_setOutputValue)
                  0000468c    00000038     rf_multiMode_cc13x0.aem3 : RFCC26XX_multiMode.oem3 (.text:RF_checkCmdFsError)
                  000046c4    00000038                              : RFCC26XX_multiMode.oem3 (.text:RF_powerConstraintRelease)
                  000046fc    00000036     rom_sysbios.aem3 : rom_sysbios.obj (.text:ti_sysbios_family_arm_cc26xx_Timer_setNextTick__E)
                  00004732    00000002     release_pem3.oem3 (.text:ti_sysbios_BIOS_nullFunc__I)
                  00004734    00000034     driverlib.lib : osc.obj (.text:NOROM_OSCHF_SwitchToRcOscTurnOffXosc)
                  00004768    00000034     drivers_cc13x0.aem3 : PowerCC26XX.oem3 (.text:Power_releaseConstraint)
                  0000479c    00000034                         : PowerCC26XX.oem3 (.text:notify)
                  000047d0    00000034     rtsv7M3_T_le_eabi.lib : rand.c.obj (.text:rand)
                  00004804    00000034     rom_sysbios.aem3 : rom_sysbios.obj (.text:ti_sysbios_family_arm_cc26xx_Timer_initDevice__I)
                  00004838    00000034                      : rom_sysbios.obj (.text:usleep)
                  0000486c    00000030     driverlib.lib : chipinfo.obj (.text:NOROM_ChipInfo_GetChipType)
                  0000489c    00000030                   : setup_rom.obj (.text:NOROM_SetupSetAonRtcSubSecInc)
                  000048cc    00000030     drivers_cc13x0.aem3 : PowerCC26XX.oem3 (.text:Power_setConstraint)
                  000048fc    00000030     release_pem3.oem3 (.text:ti_sysbios_BIOS_atExitFunc__I)
                  0000492c    00000030     release_pem3.oem3 (.text:ti_sysbios_BIOS_startFunc__I)
                  0000495c    00000030     rom_sysbios.aem3 : rom_sysbios.obj (.text:ti_sysbios_family_arm_cc26xx_Timer_getCurrentTick__E)
                  0000498c    0000002e     driverlib.lib : rfc.obj (.text:NOROM_RFCOverrideSearch)
                  000049ba    0000002e     release_pem3.oem3 (.text:ti_sysbios_rts_gnu_MemAlloc_alloc)
                  000049e8    0000002c     driverlib.lib : ddi.obj (.text:NOROM_DDI32RegWrite)
                  00004a14    0000002c                   : osc.obj (.text:NOROM_OSCClockSourceGet)
                  00004a40    0000002c                   : rfc.obj (.text:NOROM_RFCCpePatchReset)
                  00004a6c    0000002c                   : setup_rom.obj (.text:NOROM_SetupGetTrimForRadcExtCfg)
                  00004a98    0000002c     rf_multiMode_cc13x0.aem3 : RFCC26XX_multiMode.oem3 (.text:RF_calculateDeltaTimeUs)
                  00004ac4    0000002c                              : RFCC26XX_multiMode.oem3 (.text:RF_executeDirectImmediateCmd)
                  00004af0    0000002c     dpl_cc13x0.aem3 : SemaphoreP_tirtos.oem3 (.text:SemaphoreP_constructBinary)
                  00004b1c    0000002c     rom_sysbios.aem3 : rom_sysbios.obj (.text:_pthread_delete$44)
                  00004b48    0000002c                      : rom_sysbios.obj (.text:ti_sysbios_knl_Clock_getTicksUntilInterrupt__E)
                  00004b74    0000002a                      : rom_sysbios.obj (.text:ti_sysbios_knl_Clock_getTimeout__E)
                  00004b9e    00000002                      : rom_sysbios.obj (.text:ti_sysbios_knl_Clock_triggerFunc__I)
                  00004ba0    00000028     driverlib.lib : aon_batmon.obj (.text:NOROM_AONBatMonTemperatureGetDegC)
                  00004bc8    00000028     drivers_cc13x0.aem3 : PowerCC26XX.oem3 (.text:Power_registerNotify)
                  00004bf0    00000028     rf_multiMode_cc13x0.aem3 : RFCC26XX_multiMode.oem3 (.text:RF_runCmd)
                  00004c18    00000028     driverlib.lib : adi.obj (.text:SafeHapiVoid)
                  00004c40    00000024                   : rfc.obj (.text:NOROM_RFCDoorbellSendTo)
                  00004c64    00000024     rf_multiMode_cc13x0.aem3 : RFCC26XX_multiMode.oem3 (.text:RF_cmdAlloc)
                  00004c88    00000024                              : RFCC26XX_multiMode.oem3 (.text:RF_invokeGlobalCallback)
                  00004cac    00000024                              : RFCC26XX_multiMode.oem3 (.text:RF_isStateTransitionAllowed)
                  00004cd0    00000024     rom_sysbios.aem3 : rom_sysbios.obj (.text:_pthread_cleanupFxn)
                  00004cf4    00000024     release_pem3.oem3 (.text:ti_sysbios_BIOS_registerRTSLock__I)
                  00004d18    00000024     release_pem3.oem3 (.text:ti_sysbios_BIOS_removeRTSLock__I)
                  00004d3c    00000024     rom_sysbios.aem3 : rom_sysbios.obj (.text:ti_sysbios_family_arm_cc26xx_Timer_getMaxTicks__E)
                  00004d60    00000022     drivers_cc13x0.aem3 : List.oem3 (.text:List_get)
                  00004d82    00000022                         : List.oem3 (.text:List_put)
                  00004da4    00000020     driverlib.lib : rfc.obj (.text:NOROM_RFCAdi3VcoLdoVoltageMode)
                  00004dc4    00000020                   : setup_rom.obj (.text:NOROM_SetupGetTrimForXoscHfCtl)
                  00004de4    00000020     drivers_cc13x0.aem3 : PINCC26XX.oem3 (.text:PINCC26XX_setIoCfgMux)
                  00004e04    00000020     rf_multiMode_cc13x0.aem3 : RFCC26XX_multiMode.oem3 (.text:RF_clkPowerUp)
                  00004e24    00000020                              : RFCC26XX_multiMode.oem3 (.text:RF_hwiCpe0ChangePhy)
                  00004e44    00000020                              : RFCC26XX_multiMode.oem3 (.text:RF_ratIsRunning)
                  00004e64    00000020     release_pem3.oem3 (.text:ti_sysbios_BIOS_rtsLock__I)
                  00004e84    00000020     rom_sysbios.aem3 : rom_sysbios.obj (.text:ti_sysbios_family_arm_cc26xx_Timer_dynamicStub__E)
                  00004ea4    00000020                      : rom_sysbios.obj (.text:ti_sysbios_knl_Clock_stop__E)
                  00004ec4    00000020                      : rom_sysbios.obj (.text:xdc_runtime_Error_policyMin__E)
                  00004ee4    0000001e     drivers_cc13x0.aem3 : PINCC26XX.oem3 (.text:PIN_close)
                  00004f02    0000001e                         : PowerCC26XX.oem3 (.text:Power_getTransitionLatency)
                  00004f20    0000001c     CC1310_LAUNCHXL.obj (.text:CC1310_LAUNCHXL_initGeneral)
                  00004f3c    0000001c     driverlib.lib : chipinfo.obj (.text:NOROM_ChipInfo_GetChipFamily)
                  00004f58    0000001c                   : setup_rom.obj (.text:NOROM_SetupGetTrimForAmpcompTh2)
                  00004f74    0000001c                   : setup_rom.obj (.text:NOROM_SetupGetTrimForRcOscLfRtuneCtuneTrim)
                  00004f90    0000001c     drivers_cc13x0.aem3 : PINCC26XX.oem3 (.text:PIN_hwi)
                  00004fac    0000001c     rf_multiMode_cc13x0.aem3 : RFCC26XX_multiMode.oem3 (.text:RF_clkInactivityCallback)
                  00004fc8    0000001c                              : RFCC26XX_multiMode.oem3 (.text:RF_powerConstraintSet)
                  00004fe4    0000001c     packet.obj (.text:initPacket)
                  00005000    0000001c     rom_sysbios.aem3 : rom_sysbios.obj (.text:ti_sysbios_knl_Swi_construct2__E)
                  0000501c    00000018     driverlib.lib : aon_rtc.obj (.text:NOROM_AONRTCCurrentCompareValueGet)
                  00005034    00000018                   : chipinfo.obj (.text:NOROM_ChipInfo_GetPackageType)
                  0000504c    00000018                   : osc.obj (.text:NOROM_OSCHF_TurnOnXosc)
                  00005064    00000018                   : rfc.obj (.text:NOROM_RFCCpeIntGetAndClear)
                  0000507c    00000018                   : setup_rom.obj (.text:NOROM_SetupGetTrimForAdcShModeEn)
                  00005094    00000018                   : setup_rom.obj (.text:NOROM_SetupGetTrimForAdcShVbufEn)
                  000050ac    00000018                   : setup_rom.obj (.text:NOROM_SetupGetTrimForAmpcompTh1)
                  000050c4    00000018                   : setup_rom.obj (.text:NOROM_SetupGetTrimForDblrLoopFilterResetVoltage)
                  000050dc    00000018                   : setup_rom.obj (.text:NOROM_SetupGetTrimForRcOscLfIBiasTrim)
                  000050f4    00000018                   : setup_rom.obj (.text:NOROM_SetupGetTrimForXoscLfRegulatorAndCmirrwrRatio)
                  0000510c    00000018     dpl_cc13x0.aem3 : PowerCC26XX_tirtos.oem3 (.text:PowerCC26XX_schedulerDisable)
                  00005124    00000018                     : PowerCC26XX_tirtos.oem3 (.text:PowerCC26XX_schedulerRestore)
                  0000513c    00000018     drivers_cc13x0.aem3 : PowerCC26XX.oem3 (.text:Power_idleFunc)
                  00005154    00000018     rf_multiMode_cc13x0.aem3 : RFCC26XX_multiMode.oem3 (.text:RF_swiFsm)
                  0000516c    00000018     rtsv7M3_T_le_eabi.lib : args_main.c.obj (.text:_args_main)
                  00005184    00000018                           : ll_mul_t2.asm.obj (.text)
                  0000519c    00000018     release_pem3.oem3 (.text:ti_sysbios_BIOS_rtsUnlock__I)
                  000051b4    00000018     rom_sysbios.aem3 : rom_sysbios.obj (.text:ti_sysbios_knl_Swi_or__E)
                  000051cc    00000018                      : rom_sysbios.obj (.text:ti_sysbios_rts_ti_ReentSupport_getReent__F)
                  000051e4    00000018                      : rom_sysbios.obj (.text:xdc_runtime_Error_init__E)
                  000051fc    00000016     driverlib.lib : chipinfo.obj (.text:NOROM_ThisLibraryIsFor_CC13x0_HwRev20AndLater_HaltIfViolated)
                  00005212    00000016     rf_multiMode_cc13x0.aem3 : RFCC26XX_multiMode.oem3 (.text:RF_restartClockTimeout)
                  00005228    00000016     release_pem3.oem3 (.text:ti_sysbios_BIOS_exitFunc__I)
                  0000523e    00000014     drivers_cc13x0.aem3 : List.oem3 (.text:List_clearList)
                  00005252    00000002     rom_sysbios.aem3 : rom_sysbios.obj (.text:xdc_runtime_SysCallback_defaultAbort)
                  00005254    00000014     driverlib.lib : aon_rtc.obj (.text:NOROM_AONRTCCurrent64BitValueGet)
                  00005268    00000014     drivers_cc13x0.aem3 : PINCC26XX.oem3 (.text:PINCC26XX_getOutputValue)
                  0000527c    00000014     RFQueue.obj (.text:RFQueue_nextEntry)
                  00005290    00000014     rf_multiMode_cc13x0.aem3 : RFCC26XX_multiMode.oem3 (.text:RF_Params_init)
                  000052a4    00000014                              : RFCC26XX_multiMode.oem3 (.text:RF_dbellSyncOnAck)
                  000052b8    00000014                              : RFCC26XX_multiMode.oem3 (.text:RF_ratGetChannel)
                  000052cc    00000014     drivers_cc13x0.aem3 : PowerCC26XX.oem3 (.text:configureRFCoreClocks)
                  000052e0    00000014     release_pem3.oem3 (.text:ti_sysbios_knl_Clock_doTick__I)
                  000052f4    00000012     dpl_cc13x0.aem3 : SemaphoreP_tirtos.oem3 (.text:SemaphoreP_pend)
                  00005306    00000012     release_pem3.oem3 (.text:xdc_runtime_Startup_exec__I)
                  00005318    00000010     dpl_cc13x0.aem3 : ClockP_tirtos.oem3 (.text:ClockP_isActive)
                  00005328    00000010                     : HwiP_tirtos.oem3 (.text:HwiP_Params_init)
                  00005338    00000010     driverlib.lib : rfc.obj (.text:NOROM_RFCHwIntGetAndClear)
                  00005348    00000010                   : rfc.obj (.text:NOROM_RFCRfTrimSet)
                  00005358    00000010                   : setup_rom.obj (.text:NOROM_SetupGetTrimForXoscHfFastStart)
                  00005368    00000010                   : setup_rom.obj (.text:NOROM_SetupGetTrimForXoscHfIbiastherm)
                  00005378    00000010     drivers_cc13x0.aem3 : PINCC26XX.oem3 (.text:PINCC26XX_getPinCount)
                  00005388    00000010     rf_multiMode_cc13x0.aem3 : RFCC26XX_multiMode.oem3 (.text:RF_dbellSubmitCmdAsync)
                  00005398    00000010                              : RFCC26XX_multiMode.oem3 (.text:RF_isClientOwner)
                  000053a8    00000010     dpl_cc13x0.aem3 : SwiP_tirtos.oem3 (.text:SwiP_Params_init)
                  000053b8    00000010     rom_sysbios.aem3 : rom_sysbios.obj (.text:ti_sysbios_family_arm_m3_Hwi_post__E)
                  000053c8    0000000e     driverlib.lib : vims.obj (.text:NOROM_VIMSModeGet)
                  000053d6    0000000e     rtsv7M3_T_le_eabi.lib : copy_decompress_none.c.obj (.text:decompress:none:__TI_decompress_none)
                  000053e4    0000000e     rom_sysbios.aem3 : rom_sysbios.obj (.text:ti_sysbios_family_arm_cc26xx_TimestampProvider_get32__E)
                  000053f2    0000000c     driverlib.lib : cpu.obj (.text:NOROM_CPUcpsid)
                  000053fe    0000000c                   : cpu.obj (.text:NOROM_CPUcpsie)
                  0000540a    0000000c                   : osc.obj (.text:NOROM_OSC_HPOSCRelativeFrequencyOffsetToRFCoreFormatConvert)
                  00005416    00000002     rom_sysbios.aem3 : rom_sysbios.obj (.text:xdc_runtime_SysCallback_defaultExit)
                  00005418    0000000c     drivers_cc13x0.aem3 : PowerCC26XX.oem3 (.text:Power_getConstraintMask)
                  00005424    0000000c                         : PowerCC26XX.oem3 (.text:Power_getDependencyCount)
                  00005430    0000000c     RFQueue.obj (.text:RFQueue_getDataEntry)
                  0000543c    0000000c     rf_multiMode_cc13x0.aem3 : RFCC26XX_multiMode.oem3 (.text:RF_powerConstraintGet)
                  00005448    0000000c     rtsv7M3_T_le_eabi.lib : _lock.c.obj (.text:_register_lock)
                  00005454    0000000c                           : _lock.c.obj (.text:_register_unlock)
                  00005460    0000000c                           : copy_zero_init.c.obj (.text:decompress:ZI:__TI_zero_init)
                  0000546c    0000000c     rom_sysbios.aem3 : rom_sysbios.obj (.text:ti_sysbios_BIOS_getThreadType__E)
                  00005478    0000000c                      : rom_sysbios.obj (.text:ti_sysbios_knl_Swi_getTrigger__E)
                  00005484    0000000c                      : rom_sysbios.obj (.text:xdc_runtime_Startup_rtsDone__E)
                  00005490    0000000a     dpl_cc13x0.aem3 : ClockP_tirtos.oem3 (.text:ClockP_Params_init)
                  0000549a    0000000a     release_pem3.oem3 (.text:ti_sysbios_rts_ti_ReentSupport_getTlsAddr__I)
                  000054a4    00000006     driverlib.lib : cpu.obj (.text:NOROM_CPUdelay)
                  000054aa    00000006     rf_multiMode_cc13x0.aem3 : RFCC26XX_multiMode.oem3 (.text:RF_clkReqAccess)
                  000054b0    00000006     rom_sysbios.aem3 : rom_sysbios.obj (.text:ti_sysbios_family_arm_m3_Hwi_setFunc__E)
                  000054b6    00000004     dpl_cc13x0.aem3 : ClockP_tirtos.oem3 (.text:ClockP_getTimeout)
                  000054ba    00000004                     : ClockP_tirtos.oem3 (.text:ClockP_setTimeout)
                  000054be    00000004                     : ClockP_tirtos.oem3 (.text:ClockP_start)
                  000054c2    00000004                     : ClockP_tirtos.oem3 (.text:ClockP_stop)
                  000054c6    00000004                     : HwiP_tirtos.oem3 (.text:HwiP_disable)
                  000054ca    00000004                     : HwiP_tirtos.oem3 (.text:HwiP_enableInterrupt)
                  000054ce    00000004                     : HwiP_tirtos.oem3 (.text:HwiP_post)
                  000054d2    00000004                     : HwiP_tirtos.oem3 (.text:HwiP_setFunc)
                  000054d6    00000004     driverlib.lib : rfc.obj (.text:NOROM_RFCOverrideUpdate)
[...]
1001c10f  ti_sysbios_knl_Queue_empty__E                                             
1001c11d  ti_sysbios_knl_Queue_remove__E                                            
1001c12b  ti_sysbios_family_arm_cc26xx_TimestampProvider_getFreq__E                 
1001c12b  xdc_runtime_Timestamp_SupportProxy_getFreq__E                             
1001c12b  xdc_runtime_Timestamp_SupportProxy_getFreq__E__mangled__                  
1001c12b  xdc_runtime_Timestamp_getFreq__E                                          
1001c12b  xdc_runtime_Timestamp_getFreq__E                                          
1001c139  ti_sysbios_family_arm_m3_Hwi_Params__init__S                              
1001c139  ti_sysbios_hal_Hwi_HwiProxy_Params__init__S                               
1001c139  ti_sysbios_hal_Hwi_HwiProxy_Params__init__S__mangled__                    
1001c145  ti_sysbios_family_arm_m3_Hwi_disableFxn__E                                
1001c151  ti_sysbios_family_arm_m3_Hwi_enableFxn__E                                 
1001c15d  ti_sysbios_family_arm_m3_TaskSupport_getStackAlignment__E                 
1001c15d  ti_sysbios_knl_Task_SupportProxy_getStackAlignment__E__mangled__          
1001c169  ti_sysbios_gates_GateHwi_enter__E                                         
1001c175  ti_sysbios_BIOS_RtsGateProxy_Params__init__S                              
1001c175  ti_sysbios_BIOS_RtsGateProxy_Params__init__S__mangled__                   
1001c175  ti_sysbios_gates_GateMutex_Params__init__S                                
1001c175  ti_sysbios_heaps_HeapMem_Module_GateProxy_Params__init__S                 
1001c175  ti_sysbios_heaps_HeapMem_Module_GateProxy_Params__init__S__mangled__      
1001c181  ti_sysbios_knl_Clock_Params__init__S                                      
1001c18d  ti_sysbios_knl_Clock_getTimerHandle__E                                    
1001c199  ti_sysbios_knl_Mailbox_Params__init__S                                    
1001c1a5  ti_sysbios_knl_Queue_dequeue__E                                           
1001c1b1  ti_sysbios_knl_Queue_enqueue__E                                           
1001c1bd  ti_sysbios_knl_Semaphore_Params__init__S                                  
1001c1c9  ti_sysbios_knl_Swi_Params__init__S                                        
1001c1d5  ti_sysbios_knl_Task_Params__init__S                                       
1001c1e1  ti_sysbios_knl_Task_self__E                                               
1001c1ed  ti_sysbios_hal_Hwi_Instance_finalize__E                                   
1001c1f7  ti_sysbios_family_arm_m3_Hwi_doSwiRestore__I                              
1001c1ff  ti_sysbios_family_arm_m3_Hwi_startup__E                                   
1001c1ff  ti_sysbios_hal_Hwi_HwiProxy_startup__E__mangled__                         
1001c207  ti_sysbios_knl_Idle_loop__E                                               
1001c20f  ti_sysbios_family_arm_m3_Hwi_doTaskRestore__I                             
1001c215  HwiP_restore                                                              
1001c215  ti_sysbios_family_arm_m3_Hwi_restoreFxn__E                                
1001c21b  ti_sysbios_gates_GateHwi_leave__E                                         
1001c227  ti_sysbios_knl_Queue_Instance_init__E                                     
1001c22d  ti_sysbios_knl_Queue_elemClear__E                                         
1001c233  ti_sysbios_knl_Swi_Module_startup__E                                      
1001c239  ti_sysbios_knl_Swi_startup__E                                             
1001c23f  ti_sysbios_knl_Task_enable__E                                             
1001c245  ti_sysbios_BIOS_RtsGateProxy_enter__E                                     
1001c249  ti_sysbios_BIOS_RtsGateProxy_leave__E                                     
1001c24d  ti_sysbios_family_arm_cc26xx_Timer_getExpiredTicks__E                     
1001c251  ti_sysbios_family_arm_cc26xx_Timer_getPeriod__E                           
1001c255  ti_sysbios_family_arm_cc26xx_Timer_setPeriod__E                           
1001c259  ti_sysbios_family_arm_m3_Hwi_delete                                       
1001c25d  ti_sysbios_family_arm_m3_Hwi_destruct                                     
1001c261  ti_sysbios_family_arm_m3_TaskSupport_Module__startupDone__S               
1001c261  ti_sysbios_knl_Task_SupportProxy_Module__startupDone__S__mangled__        
1001c265  ti_sysbios_gates_GateHwi_query__E                                         
1001c265  xdc_runtime_Main_Module_GateProxy_query__E                                
1001c265  xdc_runtime_System_Module_GateProxy_query__E                              
1001c265  xdc_runtime_System_Module_GateProxy_query__E__mangled__                   
1001c269  ti_sysbios_gates_GateMutex_delete                                         
1001c26d  ti_sysbios_gates_GateMutex_destruct                                       
1001c271  ti_sysbios_BIOS_RtsGateProxy_query__E                                     
1001c271  ti_sysbios_BIOS_RtsGateProxy_query__E__mangled__                          
1001c271  ti_sysbios_gates_GateMutex_query__E                                       
1001c271  ti_sysbios_heaps_HeapMem_Module_GateProxy_query__E                        
1001c271  ti_sysbios_heaps_HeapMem_Module_GateProxy_query__E__mangled__             
1001c275  ti_sysbios_hal_Hwi_HwiProxy_Module__startupDone__S                        
1001c279  ti_sysbios_hal_Hwi_HwiProxy_delete                                        
1001c27d  ti_sysbios_hal_Hwi_HwiProxy_disableInterrupt__E                           
1001c27d  ti_sysbios_hal_Hwi_disableInterrupt__E                                    
1001c27d  ti_sysbios_hal_Hwi_disableInterrupt__E                                    
1001c281  ti_sysbios_hal_Hwi_HwiProxy_enableInterrupt__E                            
1001c281  ti_sysbios_hal_Hwi_enableInterrupt__E                                     
1001c281  ti_sysbios_hal_Hwi_enableInterrupt__E                                     
1001c285  ti_sysbios_hal_Hwi_HwiProxy_getStackInfo__E                               
1001c285  ti_sysbios_hal_Hwi_getStackInfo__E                                        
1001c285  ti_sysbios_hal_Hwi_getStackInfo__E                                        
1001c289  ti_sysbios_hal_Hwi_HwiProxy_startup__E                                    
1001c289  ti_sysbios_hal_Hwi_startup__E                                             
1001c289  ti_sysbios_hal_Hwi_startup__E                                             
1001c28d  ti_sysbios_hal_Hwi_HwiProxy_switchFromBootStack__E                        
1001c291  ti_sysbios_hal_Hwi_delete                                                 
1001c295  ti_sysbios_hal_Hwi_switchFromBootStack__E                                 
1001c295  ti_sysbios_hal_Hwi_switchFromBootStack__E                                 
1001c299  ti_sysbios_heaps_HeapMem_Module_GateProxy_enter__E                        
1001c29d  ti_sysbios_heaps_HeapMem_Module_GateProxy_leave__E                        
1001c2a1  ti_sysbios_heaps_HeapMem_isBlocking__E                                    
1001c2a5  ti_sysbios_knl_Clock_TimerProxy_Module__startupDone__S                    
1001c2a9  ti_sysbios_knl_Clock_TimerProxy_getExpiredTicks__E                        
1001c2ad  ti_sysbios_knl_Clock_TimerProxy_getPeriod__E                              
1001c2b1  ti_sysbios_knl_Clock_delete                                               
1001c2b5  ti_sysbios_knl_Clock_destruct                                             
1001c2b9  ti_sysbios_knl_Clock_removeI__E                                           
1001c2bd  ti_sysbios_knl_Clock_setTimeout__E                                        
1001c2c1  ti_sysbios_knl_Mailbox_delete                                             
1001c2c5  ti_sysbios_knl_Mailbox_destruct                                           
1001c2c9  ti_sysbios_knl_Queue_delete                                               
1001c2cd  ti_sysbios_knl_Queue_destruct                                             
1001c2d1  ti_sysbios_knl_Queue_head__E                                              
1001c2d5  ti_sysbios_knl_Queue_next__E                                              
1001c2d9  ti_sysbios_knl_Semaphore_delete                                           
1001c2dd  ti_sysbios_knl_Semaphore_destruct                                         
1001c2e1  ti_sysbios_knl_Swi_delete                                                 
1001c2e5  ti_sysbios_knl_Swi_destruct                                               
1001c2e9  ti_sysbios_knl_Swi_postInit__I                                            
1001c2ed  ti_sysbios_knl_Task_SupportProxy_Module__startupDone__S                   
1001c2f1  ti_sysbios_knl_Task_SupportProxy_getStackAlignment__E                     
1001c2f5  ti_sysbios_knl_Task_SupportProxy_start__E                                 
1001c2f9  ti_sysbios_knl_Task_SupportProxy_swap__E                                  
1001c2fd  ti_sysbios_knl_Task_delete                                                
1001c301  ti_sysbios_knl_Task_destruct                                              
1001c305  ti_sysbios_knl_Task_startup__E                                            
1001c309  xdc_runtime_Startup_startMods__I                                          
1001c401  xdc_runtime_Core_createObject__I                                          
1001c483  xdc_runtime_Error_policySpin__E                                           
1001c485  xdc_runtime_Memory_alloc__E                                               
1001c4f5  xdc_runtime_Core_deleteObject__I                                          
1001c555  xdc_runtime_Startup_exec__E                                               
1001c5a5  xdc_runtime_Assert_raise__I                                               
1001c5ed  xdc_runtime_Core_assignParams__I                                          
1001c635  xdc_runtime_Core_constructObject__I                                       
1001c67d  xdc_runtime_System_atexit__E                                              
1001c6b5  xdc_runtime_System_processAtExit__E                                       
1001c6e9  xdc_runtime_Core_assignLabel__I                                           
1001c719  xdc_runtime_Text_cordText__E                                              
1001c745  xdc_runtime_System_abort__E                                               
1001c765  xdc_runtime_Error_raiseX__E                                               
1001c781  xdc_runtime_Memory_valloc__E                                              
1001c79d  xdc_runtime_Core_destructObject__I                                        
1001c7b5  xdc_runtime_Error_check__E                                                
1001c7cd  xdc_runtime_System_exit__E                                                
1001c7e5  xdc_runtime_Text_ropeText__E                                              
1001c7fd  xdc_runtime_Memory_free__E                                                
1001c80d  xdc_runtime_SysCallback_abort__E                                          
1001c80d  xdc_runtime_System_SupportProxy_abort__E                                  
1001c81d  xdc_runtime_SysCallback_exit__E                                           
1001c81d  xdc_runtime_System_SupportProxy_exit__E                                   
1001c82d  xdc_runtime_Timestamp_SupportProxy_get32__E                               
1001c82d  xdc_runtime_Timestamp_get32__E                                            
1001c82d  xdc_runtime_Timestamp_get32__E                                            
1001c849  xdc_runtime_Memory_calloc__E                                              
1001c855  xdc_runtime_Memory_getMaxDefaultTypeAlign__E                              
1001c875  xdc_runtime_Gate_leaveSystem__E                                           
1001c87b  xdc_runtime_System_Module_startup__E                                      
1001c881  xdc_runtime_Gate_enterSystem__E                                           
1001c885  xdc_runtime_Memory_HeapProxy_alloc__E                                     
1001c889  xdc_runtime_Memory_HeapProxy_free__E                                      
1001c88d  xdc_runtime_System_Module_GateProxy_enter__E                              
1001c891  xdc_runtime_System_Module_GateProxy_leave__E                              
1001c895  xdc_runtime_System_abortSpin__E                                           
1001c897  xdc_runtime_System_exitSpin__E                                            
1001c899  ti_sysbios_family_arm_m3_Hwi_dispatch__I                                  
1001c969  ti_sysbios_family_arm_m3_TaskSupport_buildTaskStack                       
1001c9b5  ti_sysbios_family_arm_m3_Hwi_initStacks__E                                
1001c9fd  ti_sysbios_family_arm_m3_Hwi_excHandlerAsm__I                             
1001ca1d  ti_sysbios_family_xxx_Hwi_switchAndRunFunc                                
1001ca3b  ti_sysbios_family_arm_m3_Hwi_pendSV__I                                    
1001ca53  ti_sysbios_family_arm_m3_Hwi_return                                       
1001ca55  ti_sysbios_family_arm_m3_TaskSupport_glue                                 
1001ca65  ti_sysbios_family_arm_m3_TaskSupport_swap__E                              
1001ca65  ti_sysbios_knl_Task_SupportProxy_swap__E__mangled__                       
1001ca6d  ti_sysbios_knl_Task_swapReturn                                            
1001ca97  ti_sysbios_rom_cortexm_cc13xx_CC13xx_getRevision__E                       
20000000  ti_sysbios_family_arm_m3_Hwi_ramVectors                                   
20000100  ti_sysbios_knl_Task_Module__state__V                                      
20000144  ti_sysbios_family_arm_m3_Hwi_Module__state__V                             
20000178  ti_sysbios_knl_Clock_Module__state__V                                     
200001a4  ti_sysbios_BIOS_Module__state__V                                          
200001c8  ti_sysbios_knl_Swi_Module__state__V                                       
200001e4  ti_sysbios_family_arm_cc26xx_Timer_Module__state__V                       
200001ec  ti_sysbios_family_arm_cc26xx_TimestampProvider_Module__state__V           
200001f0  xdc_runtime_Startup_Module__state__V                                      
200001f8  xdc_runtime_System_Module__state__V                                       
20000200  xdc_runtime_Memory_Module__state__V                                       
200011e0  ti_sysbios_knl_Task_Instance_State_0_stack__A                             
200014f0  ti_sysbios_family_arm_m3_Hwi_dispatchTable                                
20001758  createPacketTask                                                          
200017a8  rxTask                                                                    
200017f8  txTask                                                                    
200019d0  PowerCC26XX_taskKey                                                       
200019d4  PowerCC26XX_swiKey                                                        
200019f6  driverlib_release_0_55724                                                 
200019f7  initTask                                                                  
200019f8  ClockP_tickPeriod                                                         
200019fc  readEntry                                                                 
20001a00  __primary_heap_start__                                                    
20002a00  __primary_heap_end__                                                      
20002a00  pinUpperBound                                                             
20002a04  pinLowerBound                                                             
20002a98  pinHandleTable                                                            
20002b14  PowerCC26XX_module                                                        
20002cb0  pOverrides                                                                
20002d04  ti_sysbios_gates_GateMutex_Object__table__V                               
20002d58  ti_sysbios_knl_Task_Object__table__V                                      
20002da8  ti_sysbios_family_arm_cc26xx_Timer_Object__table__V                       
20002df0  ti_sysbios_knl_Swi_Module_State_0_readyQ__A                               
20002e20  ti_sysbios_knl_Swi_Object__table__V                                       
20002e50  ti_sysbios_knl_Task_Module_State_0_readyQ__A                              
20002e80  RF_cmdPropRadioDivSetup                                                   
20002ea8  RF_cmdPropRx                                                              
20002ecc  ti_sysbios_knl_Clock_Object__table__V                                     
20002eec  xdc_runtime_Error_IgnoreBlock                                             
20002f0c  RF_cmdFs                                                                  
20002f24  RF_cmdPropTx                                                              
20002f3c  ti_sysbios_family_arm_m3_Hwi_Object__table__V                             
20002f54  ti_sysbios_heaps_HeapMem_Object__table__V                                 
20002f6c  RF_prop                                                                   
20002f7c  ledPinTable                                                               
20002f88  _lock                                                                     
20002f8c  _unlock                                                                   
20002f90  ti_sysbios_family_arm_m3_Hwi_Module__root__V                              
20002f98  ti_sysbios_gates_GateHwi_Module__root__V                                  
20002fa0  ti_sysbios_gates_GateMutex_Module__root__V                                
20002fa8  ti_sysbios_hal_Hwi_Module__root__V                                        
20002fb0  ti_sysbios_heaps_HeapMem_Module__root__V                                  
20002fb8  ti_sysbios_knl_Clock_Module__root__V                                      
20002fc0  ti_sysbios_knl_Mailbox_Module__root__V                                    
20002fc8  ti_sysbios_knl_Queue_Module__root__V                                      
20002fd0  ti_sysbios_knl_Semaphore_Module__root__V                                  
20002fd8  ti_sysbios_knl_Swi_Module__root__V                                        
20002fe0  ti_sysbios_knl_Task_Module__root__V                                       
20002fe8  xdc_runtime_System_Module_State_0_atexitHandlers__A                       
20002ff0  main_func_sp                                                              
20002ff4  ti_sysbios_family_arm_m3_Hwi_Module_State_0_excContext__A                 
20002ff8  ti_sysbios_family_arm_m3_Hwi_Module_State_0_excStack__A                   
20002ffc  ti_sysbios_knl_Task_Module_State_0_idleTask__A                            
20003000  ti_sysbios_family_arm_m3_Hwi_Module_State_0_excActive__A                  
20004c00  __stack                                                                   
20005000  __STACK_END                                                               
e000e000  ti_sysbios_family_arm_m3_Hwi_nvic                                         
ffffffff  __TI_pprof_out_hndl                                                       
ffffffff  __TI_prof_data_size                                                       
ffffffff  __TI_prof_data_start                                                      
ffffffff  __binit__                                                                 
ffffffff  __c_args__                                                                
ffffffff  binit                                                                     
UNDEFED   SHT$$INIT_ARRAY$$Base                                                     
UNDEFED   SHT$$INIT_ARRAY$$Limit                                                    

[781 symbols]
